Component: ARM Compiler 5.06 update 7 (build 960) Tool: armlink [4d3601]

==============================================================================

Section Cross References

    startup_stm32f415xx.o(STACK) refers (Special) to heapauxi.o(.text) for __use_two_region_memory
    startup_stm32f415xx.o(HEAP) refers (Special) to heapauxi.o(.text) for __use_two_region_memory
    startup_stm32f415xx.o(RESET) refers (Special) to heapauxi.o(.text) for __use_two_region_memory
    startup_stm32f415xx.o(RESET) refers to startup_stm32f415xx.o(STACK) for __initial_sp
    startup_stm32f415xx.o(RESET) refers to startup_stm32f415xx.o(.text) for Reset_Handler
    startup_stm32f415xx.o(RESET) refers to stm32f4xx_it.o(i.NMI_Handler) for NMI_Handler
    startup_stm32f415xx.o(RESET) refers to stm32f4xx_it.o(i.HardFault_Handler) for HardFault_Handler
    startup_stm32f415xx.o(RESET) refers to stm32f4xx_it.o(i.MemManage_Handler) for MemManage_Handler
    startup_stm32f415xx.o(RESET) refers to stm32f4xx_it.o(i.BusFault_Handler) for BusFault_Handler
    startup_stm32f415xx.o(RESET) refers to stm32f4xx_it.o(i.UsageFault_Handler) for UsageFault_Handler
    startup_stm32f415xx.o(RESET) refers to stm32f4xx_it.o(i.SVC_Handler) for SVC_Handler
    startup_stm32f415xx.o(RESET) refers to stm32f4xx_it.o(i.DebugMon_Handler) for DebugMon_Handler
    startup_stm32f415xx.o(RESET) refers to stm32f4xx_it.o(i.PendSV_Handler) for PendSV_Handler
    startup_stm32f415xx.o(RESET) refers to stm32f4xx_it.o(i.SysTick_Handler) for SysTick_Handler
    startup_stm32f415xx.o(RESET) refers to stm32f4xx_it.o(i.EXTI9_5_IRQHandler) for EXTI9_5_IRQHandler
    startup_stm32f415xx.o(RESET) refers to stm32f4xx_it.o(i.EXTI15_10_IRQHandler) for EXTI15_10_IRQHandler
    startup_stm32f415xx.o(.text) refers (Special) to heapauxi.o(.text) for __use_two_region_memory
    startup_stm32f415xx.o(.text) refers to system_stm32f4xx.o(i.SystemInit) for SystemInit
    startup_stm32f415xx.o(.text) refers to __main.o(!!!main) for __main
    startup_stm32f415xx.o(.text) refers to startup_stm32f415xx.o(HEAP) for Heap_Mem
    startup_stm32f415xx.o(.text) refers to startup_stm32f415xx.o(STACK) for Stack_Mem
    main.o(i.HAL_GPIO_EXTI_Callback) refers to main.o(.data) for .data
    main.o(i.MX_GPIO_Init) refers to rt_memclr_w.o(.text) for __aeabi_memclr4
    main.o(i.MX_GPIO_Init) refers to stm32f4xx_hal_gpio.o(i.HAL_GPIO_WritePin) for HAL_GPIO_WritePin
    main.o(i.MX_GPIO_Init) refers to stm32f4xx_hal_gpio.o(i.HAL_GPIO_Init) for HAL_GPIO_Init
    main.o(i.MX_GPIO_Init) refers to stm32f4xx_hal_cortex.o(i.HAL_NVIC_SetPriority) for HAL_NVIC_SetPriority
    main.o(i.MX_GPIO_Init) refers to stm32f4xx_hal_cortex.o(i.HAL_NVIC_EnableIRQ) for HAL_NVIC_EnableIRQ
    main.o(i.MX_RTC_Init) refers to rt_memclr_w.o(.text) for __aeabi_memclr4
    main.o(i.MX_RTC_Init) refers to stm32f4xx_hal_rtc.o(i.HAL_RTC_Init) for HAL_RTC_Init
    main.o(i.MX_RTC_Init) refers to stm32f4xx_hal_rtc.o(i.HAL_RTC_SetTime) for HAL_RTC_SetTime
    main.o(i.MX_RTC_Init) refers to stm32f4xx_hal_rtc.o(i.HAL_RTC_SetDate) for HAL_RTC_SetDate
    main.o(i.MX_RTC_Init) refers to main.o(.bss) for .bss
    main.o(i.SystemClock_Config) refers to rt_memclr_w.o(.text) for __aeabi_memclr4
    main.o(i.SystemClock_Config) refers to stm32f4xx_hal_rcc.o(i.HAL_RCC_OscConfig) for HAL_RCC_OscConfig
    main.o(i.SystemClock_Config) refers to stm32f4xx_hal_rcc.o(i.HAL_RCC_ClockConfig) for HAL_RCC_ClockConfig
    main.o(i.boundaryCollisionControl) refers to main.o(.bss) for .bss
    main.o(i.generateRandomFruitCoor) refers to rand.o(.emb_text) for rand
    main.o(i.generateRandomFruitCoor) refers to main.o(.data) for .data
    main.o(i.generateScreen) refers to nokia_5110.o(i.NOKIA_Out) for NOKIA_Out
    main.o(i.main) refers to _printf_percent.o(.ARM.Collect$$_printf_percent$$00000000) for _printf_percent
    main.o(i.main) refers to _printf_d.o(.ARM.Collect$$_printf_percent$$00000009) for _printf_d
    main.o(i.main) refers to _printf_dec.o(.text) for _printf_int_dec
    main.o(i.main) refers to stm32f4xx_hal.o(i.HAL_Init) for HAL_Init
    main.o(i.main) refers to main.o(i.SystemClock_Config) for SystemClock_Config
    main.o(i.main) refers to main.o(i.MX_GPIO_Init) for MX_GPIO_Init
    main.o(i.main) refers to main.o(i.MX_RTC_Init) for MX_RTC_Init
    main.o(i.main) refers to nokia_5110.o(i.NOKIA_Init) for NOKIA_Init
    main.o(i.main) refers to stm32f4xx_hal_gpio.o(i.HAL_GPIO_WritePin) for HAL_GPIO_WritePin
    main.o(i.main) refers to main.o(i.startMenu) for startMenu
    main.o(i.main) refers to main.o(i.generateRandomFruitCoor) for generateRandomFruitCoor
    main.o(i.main) refers to main.o(i.selfCollisionControl) for selfCollisionControl
    main.o(i.main) refers to main.o(i.boundaryCollisionControl) for boundaryCollisionControl
    main.o(i.main) refers to nokia_5110.o(i.NOKIA_Clear) for NOKIA_Clear
    main.o(i.main) refers to noretval__2sprintf.o(.text) for __2sprintf
[...]
    Removing stm32f4xx_hal_rcc_ex.o(.rev16_text), (4 bytes).
    Removing stm32f4xx_hal_rcc_ex.o(.revsh_text), (4 bytes).
    Removing stm32f4xx_hal_rcc_ex.o(.rrx_text), (6 bytes).
    Removing stm32f4xx_hal_rcc_ex.o(i.HAL_RCCEx_DisablePLLI2S), (52 bytes).
    Removing stm32f4xx_hal_rcc_ex.o(i.HAL_RCCEx_EnablePLLI2S), (104 bytes).
    Removing stm32f4xx_hal_rcc_ex.o(i.HAL_RCCEx_GetPeriphCLKConfig), (52 bytes).
    Removing stm32f4xx_hal_rcc_ex.o(i.HAL_RCCEx_GetPeriphCLKFreq), (92 bytes).
    Removing stm32f4xx_hal_rcc_ex.o(i.HAL_RCC_DeInit), (308 bytes).
    Removing stm32f4xx_hal_flash.o(.rev16_text), (4 bytes).
    Removing stm32f4xx_hal_flash.o(.revsh_text), (4 bytes).
    Removing stm32f4xx_hal_flash.o(.rrx_text), (6 bytes).
    Removing stm32f4xx_hal_flash.o(i.FLASH_Program_Byte), (32 bytes).
    Removing stm32f4xx_hal_flash.o(i.FLASH_Program_DoubleWord), (44 bytes).
    Removing stm32f4xx_hal_flash.o(i.FLASH_Program_HalfWord), (36 bytes).
    Removing stm32f4xx_hal_flash.o(i.FLASH_Program_Word), (36 bytes).
    Removing stm32f4xx_hal_flash.o(i.FLASH_SetErrorCode), (104 bytes).
    Removing stm32f4xx_hal_flash.o(i.FLASH_WaitForLastOperation), (80 bytes).
    Removing stm32f4xx_hal_flash.o(i.HAL_FLASH_EndOfOperationCallback), (2 bytes).
    Removing stm32f4xx_hal_flash.o(i.HAL_FLASH_GetError), (12 bytes).
    Removing stm32f4xx_hal_flash.o(i.HAL_FLASH_IRQHandler), (204 bytes).
    Removing stm32f4xx_hal_flash.o(i.HAL_FLASH_Lock), (20 bytes).
    Removing stm32f4xx_hal_flash.o(i.HAL_FLASH_OB_Launch), (24 bytes).
    Removing stm32f4xx_hal_flash.o(i.HAL_FLASH_OB_Lock), (20 bytes).
    Removing stm32f4xx_hal_flash.o(i.HAL_FLASH_OB_Unlock), (40 bytes).
    Removing stm32f4xx_hal_flash.o(i.HAL_FLASH_OperationErrorCallback), (2 bytes).
    Removing stm32f4xx_hal_flash.o(i.HAL_FLASH_Program), (124 bytes).
    Removing stm32f4xx_hal_flash.o(i.HAL_FLASH_Program_IT), (108 bytes).
    Removing stm32f4xx_hal_flash.o(i.HAL_FLASH_Unlock), (44 bytes).
    Removing stm32f4xx_hal_flash.o(.bss), (32 bytes).
    Removing stm32f4xx_hal_flash_ex.o(.rev16_text), (4 bytes).
    Removing stm32f4xx_hal_flash_ex.o(.revsh_text), (4 bytes).
    Removing stm32f4xx_hal_flash_ex.o(.rrx_text), (6 bytes).
    Removing stm32f4xx_hal_flash_ex.o(i.FLASH_Erase_Sector), (80 bytes).
    Removing stm32f4xx_hal_flash_ex.o(i.FLASH_FlushCaches), (84 bytes).
    Removing stm32f4xx_hal_flash_ex.o(i.FLASH_MassErase), (40 bytes).
    Removing stm32f4xx_hal_flash_ex.o(i.HAL_FLASHEx_Erase), (152 bytes).
    Removing stm32f4xx_hal_flash_ex.o(i.HAL_FLASHEx_Erase_IT), (104 bytes).
    Removing stm32f4xx_hal_flash_ex.o(i.HAL_FLASHEx_OBGetConfig), (64 bytes).
    Removing stm32f4xx_hal_flash_ex.o(i.HAL_FLASHEx_OBProgram), (204 bytes).
    Removing stm32f4xx_hal_flash_ramfunc.o(.rev16_text), (4 bytes).
    Removing stm32f4xx_hal_flash_ramfunc.o(.revsh_text), (4 bytes).
    Removing stm32f4xx_hal_flash_ramfunc.o(.rrx_text), (6 bytes).
    Removing stm32f4xx_hal_gpio.o(.rev16_text), (4 bytes).
    Removing stm32f4xx_hal_gpio.o(.revsh_text), (4 bytes).
    Removing stm32f4xx_hal_gpio.o(.rrx_text), (6 bytes).
    Removing stm32f4xx_hal_gpio.o(i.HAL_GPIO_DeInit), (360 bytes).
    Removing stm32f4xx_hal_gpio.o(i.HAL_GPIO_EXTI_Callback), (2 bytes).
    Removing stm32f4xx_hal_gpio.o(i.HAL_GPIO_LockPin), (34 bytes).
    Removing stm32f4xx_hal_gpio.o(i.HAL_GPIO_TogglePin), (16 bytes).
    Removing stm32f4xx_hal_dma_ex.o(.rev16_text), (4 bytes).
    Removing stm32f4xx_hal_dma_ex.o(.revsh_text), (4 bytes).
    Removing stm32f4xx_hal_dma_ex.o(.rrx_text), (6 bytes).
    Removing stm32f4xx_hal_dma_ex.o(i.DMA_MultiBufferSetConfig), (30 bytes).
    Removing stm32f4xx_hal_dma_ex.o(i.HAL_DMAEx_ChangeMemory), (14 bytes).
    Removing stm32f4xx_hal_dma_ex.o(i.HAL_DMAEx_MultiBufferStart), (100 bytes).
    Removing stm32f4xx_hal_dma_ex.o(i.HAL_DMAEx_MultiBufferStart_IT), (2432 bytes).
    Removing stm32f4xx_hal_dma.o(.rev16_text), (4 bytes).
    Removing stm32f4xx_hal_dma.o(.revsh_text), (4 bytes).
    Removing stm32f4xx_hal_dma.o(.rrx_text), (6 bytes).
    Removing stm32f4xx_hal_dma.o(i.DMA_CalcBaseAndBitshift), (40 bytes).
    Removing stm32f4xx_hal_dma.o(i.DMA_CheckFifoParam), (84 bytes).
    Removing stm32f4xx_hal_dma.o(i.DMA_SetConfig), (40 bytes).
    Removing stm32f4xx_hal_dma.o(i.HAL_DMA_Abort), (146 bytes).
    Removing stm32f4xx_hal_dma.o(i.HAL_DMA_Abort_IT), (36 bytes).
    Removing stm32f4xx_hal_dma.o(i.HAL_DMA_DeInit), (98 bytes).
    Removing stm32f4xx_hal_dma.o(i.HAL_DMA_GetError), (4 bytes).
    Removing stm32f4xx_hal_dma.o(i.HAL_DMA_GetState), (6 bytes).
    Removing stm32f4xx_hal_dma.o(i.HAL_DMA_IRQHandler), (416 bytes).
    Removing stm32f4xx_hal_dma.o(i.HAL_DMA_Init), (212 bytes).
    Removing stm32f4xx_hal_dma.o(i.HAL_DMA_PollForTransfer), (288 bytes).
    Removing stm32f4xx_hal_dma.o(i.HAL_DMA_RegisterCallback), (80 bytes).
    Removing stm32f4xx_hal_dma.o(i.HAL_DMA_Start), (70 bytes).
    Removing stm32f4xx_hal_dma.o(i.HAL_DMA_Start_IT), (110 bytes).
    Removing stm32f4xx_hal_dma.o(i.HAL_DMA_UnRegisterCallback), (96 bytes).
    Removing stm32f4xx_hal_dma.o(.constdata), (8 bytes).
    Removing stm32f4xx_hal_pwr.o(.rev16_text), (4 bytes).
    Removing stm32f4xx_hal_pwr.o(.revsh_text), (4 bytes).
    Removing stm32f4xx_hal_pwr.o(.rrx_text), (6 bytes).
    Removing stm32f4xx_hal_pwr.o(i.HAL_PWR_ConfigPVD), (124 bytes).
    Removing stm32f4xx_hal_pwr.o(i.HAL_PWR_DeInit), (24 bytes).
    Removing stm32f4xx_hal_pwr.o(i.HAL_PWR_DisableBkUpAccess), (24 bytes).
    Removing stm32f4xx_hal_pwr.o(i.HAL_PWR_DisablePVD), (12 bytes).
    Removing stm32f4xx_hal_pwr.o(i.HAL_PWR_DisableSEVOnPend), (16 bytes).
    Removing stm32f4xx_hal_pwr.o(i.HAL_PWR_DisableSleepOnExit), (16 bytes).
    Removing stm32f4xx_hal_pwr.o(i.HAL_PWR_DisableWakeUpPin), (16 bytes).
    Removing stm32f4xx_hal_pwr.o(i.HAL_PWR_EnableBkUpAccess), (24 bytes).
    Removing stm32f4xx_hal_pwr.o(i.HAL_PWR_EnablePVD), (12 bytes).
    Removing stm32f4xx_hal_pwr.o(i.HAL_PWR_EnableSEVOnPend), (16 bytes).
    Removing stm32f4xx_hal_pwr.o(i.HAL_PWR_EnableSleepOnExit), (16 bytes).
    Removing stm32f4xx_hal_pwr.o(i.HAL_PWR_EnableWakeUpPin), (16 bytes).
    Removing stm32f4xx_hal_pwr.o(i.HAL_PWR_EnterSLEEPMode), (32 bytes).
    Removing stm32f4xx_hal_pwr.o(i.HAL_PWR_EnterSTANDBYMode), (32 bytes).
    Removing stm32f4xx_hal_pwr.o(i.HAL_PWR_EnterSTOPMode), (56 bytes).
    Removing stm32f4xx_hal_pwr.o(i.HAL_PWR_PVDCallback), (2 bytes).
    Removing stm32f4xx_hal_pwr.o(i.HAL_PWR_PVD_IRQHandler), (28 bytes).
    Removing stm32f4xx_hal_pwr_ex.o(.rev16_text), (4 bytes).
    Removing stm32f4xx_hal_pwr_ex.o(.revsh_text), (4 bytes).
    Removing stm32f4xx_hal_pwr_ex.o(.rrx_text), (6 bytes).
    Removing stm32f4xx_hal_pwr_ex.o(i.HAL_PWREx_ControlVoltageScaling), (88 bytes).
    Removing stm32f4xx_hal_pwr_ex.o(i.HAL_PWREx_DisableBkUpReg), (60 bytes).
    Removing stm32f4xx_hal_pwr_ex.o(i.HAL_PWREx_DisableFlashPowerDown), (12 bytes).
    Removing stm32f4xx_hal_pwr_ex.o(i.HAL_PWREx_EnableBkUpReg), (60 bytes).
    Removing stm32f4xx_hal_pwr_ex.o(i.HAL_PWREx_EnableFlashPowerDown), (12 bytes).
    Removing stm32f4xx_hal_pwr_ex.o(i.HAL_PWREx_GetVoltageRange), (16 bytes).
    Removing stm32f4xx_hal_cortex.o(.rev16_text), (4 bytes).
    Removing stm32f4xx_hal_cortex.o(.revsh_text), (4 bytes).
    Removing stm32f4xx_hal_cortex.o(.rrx_text), (6 bytes).
    Removing stm32f4xx_hal_cortex.o(i.HAL_MPU_ConfigRegion), (84 bytes).
    Removing stm32f4xx_hal_cortex.o(i.HAL_MPU_Disable), (28 bytes).
    Removing stm32f4xx_hal_cortex.o(i.HAL_MPU_Enable), (36 bytes).
    Removing stm32f4xx_hal_cortex.o(i.HAL_NVIC_ClearPendingIRQ), (26 bytes).
    Removing stm32f4xx_hal_cortex.o(i.HAL_NVIC_DisableIRQ), (34 bytes).
    Removing stm32f4xx_hal_cortex.o(i.HAL_NVIC_GetActive), (36 bytes).
    Removing stm32f4xx_hal_cortex.o(i.HAL_NVIC_GetPendingIRQ), (36 bytes).
    Removing stm32f4xx_hal_cortex.o(i.HAL_NVIC_GetPriority), (82 bytes).
    Removing stm32f4xx_hal_cortex.o(i.HAL_NVIC_GetPriorityGrouping), (16 bytes).
    Removing stm32f4xx_hal_cortex.o(i.HAL_NVIC_SetPendingIRQ), (26 bytes).
    Removing stm32f4xx_hal_cortex.o(i.HAL_NVIC_SystemReset), (36 bytes).
    Removing stm32f4xx_hal_cortex.o(i.HAL_SYSTICK_CLKSourceConfig), (24 bytes).
    Removing stm32f4xx_hal_cortex.o(i.HAL_SYSTICK_Callback), (2 bytes).
    Removing stm32f4xx_hal_cortex.o(i.HAL_SYSTICK_IRQHandler), (8 bytes).
    Removing stm32f4xx_hal.o(.rev16_text), (4 bytes).
    Removing stm32f4xx_hal.o(.revsh_text), (4 bytes).
    Removing stm32f4xx_hal.o(.rrx_text), (6 bytes).
    Removing stm32f4xx_hal.o(i.HAL_DBGMCU_DisableDBGSleepMode), (16 bytes).
    Removing stm32f4xx_hal.o(i.HAL_DBGMCU_DisableDBGStandbyMode), (16 bytes).
    Removing stm32f4xx_hal.o(i.HAL_DBGMCU_DisableDBGStopMode), (16 bytes).
    Removing stm32f4xx_hal.o(i.HAL_DBGMCU_EnableDBGSleepMode), (16 bytes).
    Removing stm32f4xx_hal.o(i.HAL_DBGMCU_EnableDBGStandbyMode), (16 bytes).
    Removing stm32f4xx_hal.o(i.HAL_DBGMCU_EnableDBGStopMode), (16 bytes).
    Removing stm32f4xx_hal.o(i.HAL_DeInit), (52 bytes).
    Removing stm32f4xx_hal.o(i.HAL_DisableCompensationCell), (12 bytes).
    Removing stm32f4xx_hal.o(i.HAL_EnableCompensationCell), (12 bytes).
    Removing stm32f4xx_hal.o(i.HAL_GetDEVID), (16 bytes).
    Removing stm32f4xx_hal.o(i.HAL_GetHalVersion), (8 bytes).
    Removing stm32f4xx_hal.o(i.HAL_GetREVID), (12 bytes).
    Removing stm32f4xx_hal.o(i.HAL_GetTickFreq), (12 bytes).
    Removing stm32f4xx_hal.o(i.HAL_GetTickPrio), (12 bytes).
    Removing stm32f4xx_hal.o(i.HAL_GetUIDw0), (12 bytes).
    Removing stm32f4xx_hal.o(i.HAL_GetUIDw1), (12 bytes).
    Removing stm32f4xx_hal.o(i.HAL_GetUIDw2), (12 bytes).
    Removing stm32f4xx_hal.o(i.HAL_MspDeInit), (2 bytes).
    Removing stm32f4xx_hal.o(i.HAL_MspInit), (2 bytes).
    Removing stm32f4xx_hal.o(i.HAL_ResumeTick), (14 bytes).
    Removing stm32f4xx_hal.o(i.HAL_SetTickFreq), (36 bytes).
    Removing stm32f4xx_hal.o(i.HAL_SuspendTick), (14 bytes).
    Removing stm32f4xx_hal_exti.o(.rev16_text), (4 bytes).
    Removing stm32f4xx_hal_exti.o(.revsh_text), (4 bytes).
    Removing stm32f4xx_hal_exti.o(.rrx_text), (6 bytes).
    Removing stm32f4xx_hal_exti.o(i.HAL_EXTI_ClearConfigLine), (108 bytes).
    Removing stm32f4xx_hal_exti.o(i.HAL_EXTI_ClearPending), (20 bytes).
    Removing stm32f4xx_hal_exti.o(i.HAL_EXTI_GenerateSWI), (20 bytes).
    Removing stm32f4xx_hal_exti.o(i.HAL_EXTI_GetConfigLine), (148 bytes).
    Removing stm32f4xx_hal_exti.o(i.HAL_EXTI_GetHandle), (12 bytes).
    Removing stm32f4xx_hal_exti.o(i.HAL_EXTI_GetPending), (24 bytes).
    Removing stm32f4xx_hal_exti.o(i.HAL_EXTI_IRQHandler), (36 bytes).
    Removing stm32f4xx_hal_exti.o(i.HAL_EXTI_RegisterCallback), (14 bytes).
    Removing stm32f4xx_hal_exti.o(i.HAL_EXTI_SetConfigLine), (168 bytes).
    Removing stm32f4xx_hal_tim.o(.rev16_text), (4 bytes).
    Removing stm32f4xx_hal_tim.o(.revsh_text), (4 bytes).
    Removing stm32f4xx_hal_tim.o(.rrx_text), (6 bytes).
    Removing stm32f4xx_hal_tim_ex.o(.rev16_text), (4 bytes).
    Removing stm32f4xx_hal_tim_ex.o(.revsh_text), (4 bytes).
    Removing stm32f4xx_hal_tim_ex.o(.rrx_text), (6 bytes).
    Removing system_stm32f4xx.o(.rev16_text), (4 bytes).
    Removing system_stm32f4xx.o(.revsh_text), (4 bytes).
    Removing system_stm32f4xx.o(.rrx_text), (6 bytes).
    Removing system_stm32f4xx.o(i.SystemCoreClockUpdate), (124 bytes).
    Removing system_stm32f4xx.o(.constdata), (8 bytes).

264 unused section(s) (total 14994 bytes) removed from the image.

==============================================================================

Image Symbol Table

    Local Symbols

    Symbol Name                              Value     Ov Type        Size  Object(Section)

    ../Drivers/STM32F4xx_HAL_Driver/Src/stm32f4xx_hal.c 0x00000000   Number         0  stm32f4xx_hal.o ABSOLUTE
    ../Drivers/STM32F4xx_HAL_Driver/Src/stm32f4xx_hal_cortex.c 0x00000000   Number         0  stm32f4xx_hal_cortex.o ABSOLUTE
    ../Drivers/STM32F4xx_HAL_Driver/Src/stm32f4xx_hal_dma.c 0x00000000   Number         0  stm32f4xx_hal_dma.o ABSOLUTE
    ../Drivers/STM32F4xx_HAL_Driver/Src/stm32f4xx_hal_dma_ex.c 0x00000000   Number         0  stm32f4xx_hal_dma_ex.o ABSOLUTE
    ../Drivers/STM32F4xx_HAL_Driver/Src/stm32f4xx_hal_exti.c 0x00000000   Number         0  stm32f4xx_hal_exti.o ABSOLUTE
    ../Drivers/STM32F4xx_HAL_Driver/Src/stm32f4xx_hal_flash.c 0x00000000   Number         0  stm32f4xx_hal_flash.o ABSOLUTE
    ../Drivers/STM32F4xx_HAL_Driver/Src/stm32f4xx_hal_flash_ex.c 0x00000000   Number         0  stm32f4xx_hal_flash_ex.o ABSOLUTE
    ../Drivers/STM32F4xx_HAL_Driver/Src/stm32f4xx_hal_flash_ramfunc.c 0x00000000   Number         0  stm32f4xx_hal_flash_ramfunc.o ABSOLUTE
    ../Drivers/STM32F4xx_HAL_Driver/Src/stm32f4xx_hal_gpio.c 0x00000000   Number         0  stm32f4xx_hal_gpio.o ABSOLUTE
    ../Drivers/STM32F4xx_HAL_Driver/Src/stm32f4xx_hal_pwr.c 0x00000000   Number         0  stm32f4xx_hal_pwr.o ABSOLUTE
    ../Drivers/STM32F4xx_HAL_Driver/Src/stm32f4xx_hal_pwr_ex.c 0x00000000   Number         0  stm32f4xx_hal_pwr_ex.o ABSOLUTE
    ../Drivers/STM32F4xx_HAL_Driver/Src/stm32f4xx_hal_rcc.c 0x00000000   Number         0  stm32f4xx_hal_rcc.o ABSOLUTE
    ../Drivers/STM32F4xx_HAL_Driver/Src/stm32f4xx_hal_rcc_ex.c 0x00000000   Number         0  stm32f4xx_hal_rcc_ex.o ABSOLUTE
    ../Drivers/STM32F4xx_HAL_Driver/Src/stm32f4xx_hal_rtc.c 0x00000000   Number         0  stm32f4xx_hal_rtc.o ABSOLUTE
    ../Drivers/STM32F4xx_HAL_Driver/Src/stm32f4xx_hal_rtc_ex.c 0x00000000   Number         0  stm32f4xx_hal_rtc_ex.o ABSOLUTE
    ../Drivers/STM32F4xx_HAL_Driver/Src/stm32f4xx_hal_tim.c 0x00000000   Number         0  stm32f4xx_hal_tim.o ABSOLUTE
    ../Drivers/STM32F4xx_HAL_Driver/Src/stm32f4xx_hal_tim_ex.c 0x00000000   Number         0  stm32f4xx_hal_tim_ex.o ABSOLUTE
    ../Src/main.c                            0x00000000   Number         0  main.o ABSOLUTE
    ../Src/stm32f4xx_hal_msp.c               0x00000000   Number         0  stm32f4xx_hal_msp.o ABSOLUTE
    ../Src/stm32f4xx_it.c                    0x00000000   Number         0  stm32f4xx_it.o ABSOLUTE
    ../Src/system_stm32f4xx.c                0x00000000   Number         0  system_stm32f4xx.o ABSOLUTE
    ../clib/angel/boardlib.s                 0x00000000   Number         0  boardshut.o ABSOLUTE
    ../clib/angel/boardlib.s                 0x00000000   Number         0  boardinit1.o ABSOLUTE
    ../clib/angel/boardlib.s                 0x00000000   Number         0  boardinit3.o ABSOLUTE
    ../clib/angel/boardlib.s                 0x00000000   Number         0  boardinit2.o ABSOLUTE
    ../clib/angel/handlers.s                 0x00000000   Number         0  __scatter_copy.o ABSOLUTE
    ../clib/angel/handlers.s                 0x00000000   Number         0  __scatter_zi.o ABSOLUTE
    ../clib/angel/kernel.s                   0x00000000   Number         0  __rtentry.o ABSOLUTE
    ../clib/angel/kernel.s                   0x00000000   Number         0  __rtentry2.o ABSOLUTE
    ../clib/angel/kernel.s                   0x00000000   Number         0  __rtentry4.o ABSOLUTE
    ../clib/angel/kernel.s                   0x00000000   Number         0  rtexit2.o ABSOLUTE
    ../clib/angel/kernel.s                   0x00000000   Number         0  rtexit.o ABSOLUTE
    ../clib/angel/rt.s                       0x00000000   Number         0  rt_raise.o ABSOLUTE
    ../clib/angel/rt.s                       0x00000000   Number         0  aeabi_ldiv0_sigfpe.o ABSOLUTE
    ../clib/angel/rt.s                       0x00000000   Number         0  rt_div0.o ABSOLUTE
    ../clib/angel/rt.s                       0x00000000   Number         0  aeabi_ldiv0.o ABSOLUTE
    ../clib/angel/scatter.s                  0x00000000   Number         0  __scatter.o ABSOLUTE
    ../clib/angel/startup.s                  0x00000000   Number         0  __main.o ABSOLUTE
    ../clib/angel/sys.s                      0x00000000   Number         0  indicate_semi.o ABSOLUTE
    ../clib/angel/sys.s                      0x00000000   Number         0  use_no_semi.o ABSOLUTE
    ../clib/angel/sys.s                      0x00000000   Number         0  sys_stackheap_outer.o ABSOLUTE
    ../clib/angel/sys.s                      0x00000000   Number         0  libspace.o ABSOLUTE
    ../clib/angel/sysapp.c                   0x00000000   Number         0  sys_wrch.o ABSOLUTE
    ../clib/angel/sysapp.c                   0x00000000   Number         0  sys_command.o ABSOLUTE
    ../clib/angel/sysapp.c                   0x00000000   Number         0  sys_exit.o ABSOLUTE
    ../clib/armsys.c                         0x00000000   Number         0  _get_argv_nomalloc.o ABSOLUTE
    ../clib/armsys.c                         0x00000000   Number         0  no_argv.o ABSOLUTE
    ../clib/armsys.c                         0x00000000   Number         0  argv_veneer.o ABSOLUTE
    ../clib/armsys.c                         0x00000000   Number         0  argv_veneer.o ABSOLUTE
    ../clib/heapalloc.c                      0x00000000   Number         0  hrguard.o ABSOLUTE
    ../clib/heapaux.c                        0x00000000   Number         0  heapauxi.o ABSOLUTE
    ../clib/libinit.s                        0x00000000   Number         0  libshutdown.o ABSOLUTE
    ../clib/libinit.s                        0x00000000   Number         0  libshutdown2.o ABSOLUTE
    ../clib/libinit.s                        0x00000000   Number         0  libinit2.o ABSOLUTE
    ../clib/libinit.s                        0x00000000   Number         0  libinit.o ABSOLUTE
    ../clib/longlong.s                       0x00000000   Number         0  lludivv7m.o ABSOLUTE
    ../clib/memcpset.s                       0x00000000   Number         0  rt_memclr_w.o ABSOLUTE
    ../clib/printf.c                         0x00000000   Number         0  __printf_ss_wp.o ABSOLUTE
    ../clib/printf.c                         0x00000000   Number         0  __2sprintf.o ABSOLUTE
    ../clib/printf.c                         0x00000000   Number         0  noretval__2sprintf.o ABSOLUTE
    ../clib/printf.c                         0x00000000   Number         0  __printf_flags_wp.o ABSOLUTE
    ../clib/printf.c                         0x00000000   Number         0  __printf.o ABSOLUTE
    ../clib/printf.c                         0x00000000   Number         0  __printf_wp.o ABSOLUTE
    ../clib/printf.c                         0x00000000   Number         0  _printf_dec.o ABSOLUTE
    ../clib/printf.c                         0x00000000   Number         0  __printf_flags_ss.o ABSOLUTE
    ../clib/printf.c                         0x00000000   Number         0  __printf_flags.o ABSOLUTE
    ../clib/printf.c                         0x00000000   Number         0  __printf_nopercent.o ABSOLUTE
    ../clib/printf.c                         0x00000000   Number         0  __printf_flags_ss_wp.o ABSOLUTE
    ../clib/printf.c                         0x00000000   Number         0  _printf_intcommon.o ABSOLUTE
    ../clib/printf.c                         0x00000000   Number         0  __printf_ss.o ABSOLUTE
    ../clib/printf.c                         0x00000000   Number         0  _printf_char_common.o ABSOLUTE
    ../clib/printf.c                         0x00000000   Number         0  _sputc.o ABSOLUTE
    ../clib/printf_percent.s                 0x00000000   Number         0  _printf_d.o ABSOLUTE
    ../clib/printf_percent.s                 0x00000000   Number         0  _printf_percent.o ABSOLUTE
    ../clib/printf_percent.s                 0x00000000   Number         0  _printf_percent_end.o ABSOLUTE
    ../clib/signal.c                         0x00000000   Number         0  defsig_rtmem_inner.o ABSOLUTE
    ../clib/signal.c                         0x00000000   Number         0  defsig_fpe_formal.o ABSOLUTE
    ../clib/signal.c                         0x00000000   Number         0  defsig_fpe_outer.o ABSOLUTE
    ../clib/signal.c                         0x00000000   Number         0  defsig_exit.o ABSOLUTE
    ../clib/signal.c                         0x00000000   Number         0  defsig_fpe_inner.o ABSOLUTE
    ../clib/signal.c                         0x00000000   Number         0  defsig_rtmem_outer.o ABSOLUTE
    ../clib/signal.c                         0x00000000   Number         0  defsig_general.o ABSOLUTE
    ../clib/signal.c                         0x00000000   Number         0  defsig_rtmem_formal.o ABSOLUTE
    ../clib/signal.c                         0x00000000   Number         0  __raise.o ABSOLUTE
    ../clib/signal.c                         0x00000000   Number         0  defsig_abrt_inner.o ABSOLUTE
    ../clib/signal.c                         0x00000000   Number         0  defsig_stak_inner.o ABSOLUTE
    ../clib/signal.c                         0x00000000   Number         0  defsig_pvfn_inner.o ABSOLUTE
    ../clib/signal.c                         0x00000000   Number         0  defsig_rtred_inner.o ABSOLUTE
    ../clib/signal.c                         0x00000000   Number         0  defsig_cppl_inner.o ABSOLUTE
    ../clib/signal.c                         0x00000000   Number         0  defsig_segv_inner.o ABSOLUTE
    ../clib/signal.c                         0x00000000   Number         0  defsig_other.o ABSOLUTE
    ../clib/signal.s                         0x00000000   Number         0  defsig.o ABSOLUTE
    ../clib/stdlib.c                         0x00000000   Number         0  rand.o ABSOLUTE
    ../clib/stdlib.c                         0x00000000   Number         0  rand.o ABSOLUTE
    ../clib/stdlib.c                         0x00000000   Number         0  exit.o ABSOLUTE
    ../fplib/fpinit.s                        0x00000000   Number         0  fpinit.o ABSOLUTE
    ..\Drivers\STM32F4xx_HAL_Driver\Src\stm32f4xx_hal.c 0x00000000   Number         0  stm32f4xx_hal.o ABSOLUTE
    ..\Drivers\STM32F4xx_HAL_Driver\Src\stm32f4xx_hal_cortex.c 0x00000000   Number         0  stm32f4xx_hal_cortex.o ABSOLUTE
    ..\Drivers\STM32F4xx_HAL_Driver\Src\stm32f4xx_hal_dma.c 0x00000000   Number         0  stm32f4xx_hal_dma.o ABSOLUTE
    ..\Drivers\STM32F4xx_HAL_Driver\Src\stm32f4xx_hal_dma_ex.c 0x00000000   Number         0  stm32f4xx_hal_dma_ex.o ABSOLUTE
    ..\Drivers\STM32F4xx_HAL_Driver\Src\stm32f4xx_hal_exti.c 0x00000000   Number         0  stm32f4xx_hal_exti.o ABSOLUTE
    ..\Drivers\STM32F4xx_HAL_Driver\Src\stm32f4xx_hal_flash.c 0x00000000   Number         0  stm32f4xx_hal_flash.o ABSOLUTE
    ..\Drivers\STM32F4xx_HAL_Driver\Src\stm32f4xx_hal_flash_ex.c 0x00000000   Number         0  stm32f4xx_hal_flash_ex.o ABSOLUTE
    ..\Drivers\STM32F4xx_HAL_Driver\Src\stm32f4xx_hal_flash_ramfunc.c 0x00000000   Number         0  stm32f4xx_hal_flash_ramfunc.o ABSOLUTE
    ..\Drivers\STM32F4xx_HAL_Driver\Src\stm32f4xx_hal_gpio.c 0x00000000   Number         0  stm32f4xx_hal_gpio.o ABSOLUTE
    ..\Drivers\STM32F4xx_HAL_Driver\Src\stm32f4xx_hal_pwr.c 0x00000000   Number         0  stm32f4xx_hal_pwr.o ABSOLUTE
    ..\Drivers\STM32F4xx_HAL_Driver\Src\stm32f4xx_hal_pwr_ex.c 0x00000000   Number         0  stm32f4xx_hal_pwr_ex.o ABSOLUTE
    ..\Drivers\STM32F4xx_HAL_Driver\Src\stm32f4xx_hal_rcc.c 0x00000000   Number         0  stm32f4xx_hal_rcc.o ABSOLUTE
    ..\Drivers\STM32F4xx_HAL_Driver\Src\stm32f4xx_hal_rcc_ex.c 0x00000000   Number         0  stm32f4xx_hal_rcc_ex.o ABSOLUTE
    ..\Drivers\STM32F4xx_HAL_Driver\Src\stm32f4xx_hal_rtc.c 0x00000000   Number         0  stm32f4xx_hal_rtc.o ABSOLUTE
    ..\Drivers\STM32F4xx_HAL_Driver\Src\stm32f4xx_hal_rtc_ex.c 0x00000000   Number         0  stm32f4xx_hal_rtc_ex.o ABSOLUTE
    ..\Drivers\STM32F4xx_HAL_Driver\Src\stm32f4xx_hal_tim.c 0x00000000   Number         0  stm32f4xx_hal_tim.o ABSOLUTE
    ..\Drivers\STM32F4xx_HAL_Driver\Src\stm32f4xx_hal_tim_ex.c 0x00000000   Number         0  stm32f4xx_hal_tim_ex.o ABSOLUTE
    ..\Src\Nokia_5110.c                      0x00000000   Number         0  nokia_5110.o ABSOLUTE
    ..\Src\dwt_delay.c                       0x00000000   Number         0  dwt_delay.o ABSOLUTE
    ..\Src\main.c                            0x00000000   Number         0  main.o ABSOLUTE
    ..\Src\stm32f4xx_hal_msp.c               0x00000000   Number         0  stm32f4xx_hal_msp.o ABSOLUTE
    ..\Src\stm32f4xx_it.c                    0x00000000   Number         0  stm32f4xx_it.o ABSOLUTE
    ..\Src\system_stm32f4xx.c                0x00000000   Number         0  system_stm32f4xx.o ABSOLUTE
    ..\\Src\\Nokia_5110.c                    0x00000000   Number         0  nokia_5110.o ABSOLUTE
    ..\\Src\\dwt_delay.c                     0x00000000   Number         0  dwt_delay.o ABSOLUTE
    dc.s                                     0x00000000   Number         0  dc.o ABSOLUTE
    startup_stm32f415xx.s                    0x00000000   Number         0  startup_stm32f415xx.o ABSOLUTE
    RESET                                    0x08000000   Section      392  startup_stm32f415xx.o(RESET)
    !!!main                                  0x08000188   Section        8  __main.o(!!!main)
    !!!scatter                               0x08000190   Section       52  __scatter.o(!!!scatter)
    !!handler_copy                           0x080001c4   Section       26  __scatter_copy.o(!!handler_copy)
    !!handler_zi                             0x080001e0   Section       28  __scatter_zi.o(!!handler_zi)
    .ARM.Collect$$_printf_percent$$00000000  0x080001fc   Section        0  _printf_percent.o(.ARM.Collect$$_printf_percent$$00000000)
    .ARM.Collect$$_printf_percent$$00000009  0x080001fc   Section        6  _printf_d.o(.ARM.Collect$$_printf_percent$$00000009)
    .ARM.Collect$$_printf_percent$$00000017  0x08000202   Section        4  _printf_percent_end.o(.ARM.Collect$$_printf_percent$$00000017)
    .ARM.Collect$$libinit$$00000000          0x08000206   Section        2  libinit.o(.ARM.Collect$$libinit$$00000000)
    .ARM.Collect$$libinit$$00000001          0x08000208   Section        4  libinit2.o(.ARM.Collect$$libinit$$00000001)
    .ARM.Collect$$libinit$$00000004          0x0800020c   Section        0  libinit2.o(.ARM.Collect$$libinit$$00000004)
    .ARM.Collect$$libinit$$0000000A          0x0800020c   Section        0  libinit2.o(.ARM.Collect$$libinit$$0000000A)
    .ARM.Collect$$libinit$$0000000C          0x0800020c   Section        0  libinit2.o(.ARM.Collect$$libinit$$0000000C)
    .ARM.Collect$$libinit$$0000000D          0x0800020c   Section        4  libinit2.o(.ARM.Collect$$libinit$$0000000D)
    .ARM.Collect$$libinit$$0000000E          0x08000210   Section        0  libinit2.o(.ARM.Collect$$libinit$$0000000E)
    .ARM.Collect$$libinit$$00000011          0x08000210   Section        0  libinit2.o(.ARM.Collect$$libinit$$00000011)
    .ARM.Collect$$libinit$$00000013          0x08000210   Section        0  libinit2.o(.ARM.Collect$$libinit$$00000013)
    .ARM.Collect$$libinit$$00000015          0x08000210   Section        0  libinit2.o(.ARM.Collect$$libinit$$00000015)
    .ARM.Collect$$libinit$$00000017          0x08000210   Section        0  libinit2.o(.ARM.Collect$$libinit$$00000017)
    .ARM.Collect$$libinit$$00000019          0x08000210   Section        0  libinit2.o(.ARM.Collect$$libinit$$00000019)
    .ARM.Collect$$libinit$$0000001B          0x08000210   Section        0  libinit2.o(.ARM.Collect$$libinit$$0000001B)
    .ARM.Collect$$libinit$$0000001D          0x08000210   Section        0  libinit2.o(.ARM.Collect$$libinit$$0000001D)
    .ARM.Collect$$libinit$$0000001F          0x08000210   Section        0  libinit2.o(.ARM.Collect$$libinit$$0000001F)
    .ARM.Collect$$libinit$$00000021          0x08000210   Section        0  libinit2.o(.ARM.Collect$$libinit$$00000021)
    .ARM.Collect$$libinit$$00000023          0x08000210   Section        0  libinit2.o(.ARM.Collect$$libinit$$00000023)
    .ARM.Collect$$libinit$$00000025          0x08000210   Section        0  libinit2.o(.ARM.Collect$$libinit$$00000025)
    .ARM.Collect$$libinit$$0000002C          0x08000210   Section        0  libinit2.o(.ARM.Collect$$libinit$$0000002C)
    .ARM.Collect$$libinit$$0000002E          0x08000210   Section        0  libinit2.o(.ARM.Collect$$libinit$$0000002E)
    .ARM.Collect$$libinit$$00000030          0x08000210   Section        0  libinit2.o(.ARM.Collect$$libinit$$00000030)
    .ARM.Collect$$libinit$$00000032          0x08000210   Section        0  libinit2.o(.ARM.Collect$$libinit$$00000032)
    .ARM.Collect$$libinit$$00000033          0x08000210   Section        2  libinit2.o(.ARM.Collect$$libinit$$00000033)
    .ARM.Collect$$libshutdown$$00000000      0x08000212   Section        2  libshutdown.o(.ARM.Collect$$libshutdown$$00000000)
    .ARM.Collect$$libshutdown$$00000002      0x08000214   Section        0  libshutdown2.o(.ARM.Collect$$libshutdown$$00000002)
    .ARM.Collect$$libshutdown$$00000004      0x08000214   Section        0  libshutdown2.o(.ARM.Collect$$libshutdown$$00000004)
    .ARM.Collect$$libshutdown$$00000006      0x08000214   Section        0  libshutdown2.o(.ARM.Collect$$libshutdown$$00000006)
    .ARM.Collect$$libshutdown$$00000009      0x08000214   Section        0  libshutdown2.o(.ARM.Collect$$libshutdown$$00000009)
    .ARM.Collect$$libshutdown$$0000000C      0x08000214   Section        0  libshutdown2.o(.ARM.Collect$$libshutdown$$0000000C)
    .ARM.Collect$$libshutdown$$0000000E      0x08000214   Section        0  libshutdown2.o(.ARM.Collect$$libshutdown$$0000000E)
    .ARM.Collect$$libshutdown$$00000011      0x08000214   Section        0  libshutdown2.o(.ARM.Collect$$libshutdown$$00000011)
    .ARM.Collect$$libshutdown$$00000012      0x08000214   Section        2  libshutdown2.o(.ARM.Collect$$libshutdown$$00000012)
    .ARM.Collect$$rtentry$$00000000          0x08000216   Section        0  __rtentry.o(.ARM.Collect$$rtentry$$00000000)
    .ARM.Collect$$rtentry$$00000002          0x08000216   Section        0  __rtentry2.o(.ARM.Collect$$rtentry$$00000002)
    .ARM.Collect$$rtentry$$00000004          0x08000216   Section        6  __rtentry4.o(.ARM.Collect$$rtentry$$00000004)
    .ARM.Collect$$rtentry$$00000009          0x0800021c   Section        0  __rtentry2.o(.ARM.Collect$$rtentry$$00000009)
    .ARM.Collect$$rtentry$$0000000A          0x0800021c   Section        4  __rtentry2.o(.ARM.Collect$$rtentry$$0000000A)
    .ARM.Collect$$rtentry$$0000000C          0x08000220   Section        0  __rtentry2.o(.ARM.Collect$$rtentry$$0000000C)
    .ARM.Collect$$rtentry$$0000000D          0x08000220   Section        8  __rtentry2.o(.ARM.Collect$$rtentry$$0000000D)
    .ARM.Collect$$rtexit$$00000000           0x08000228   Section        2  rtexit.o(.ARM.Collect$$rtexit$$00000000)
    .ARM.Collect$$rtexit$$00000002           0x0800022a   Section        0  rtexit2.o(.ARM.Collect$$rtexit$$00000002)
    .ARM.Collect$$rtexit$$00000003           0x0800022a   Section        4  rtexit2.o(.ARM.Collect$$rtexit$$00000003)
    .ARM.Collect$$rtexit$$00000004           0x0800022e   Section        6  rtexit2.o(.ARM.Collect$$rtexit$$00000004)
    .emb_text                                0x08000234   Section       52  rand.o(.emb_text)
    .text                                    0x08000268   Section       64  startup_stm32f415xx.o(.text)
    $v0                                      0x08000268   Number         0  startup_stm32f415xx.o(.text)
    .text                                    0x080002a8   Section      238  lludivv7m.o(.text)
    .text                                    0x08000398   Section        0  noretval__2sprintf.o(.text)
    .text                                    0x080003c0   Section        0  __printf.o(.text)
    .text                                    0x08000428   Section        0  _printf_dec.o(.text)
    .text                                    0x080004a0   Section        0  rand.o(.text)
    .text                                    0x080004dc   Section       78  rt_memclr_w.o(.text)
    .text                                    0x0800052a   Section        0  heapauxi.o(.text)
    .text                                    0x08000530   Section        0  _printf_intcommon.o(.text)
    .text                                    0x080005e4   Section        0  _printf_char_common.o(.text)
    _printf_input_char                       0x080005e5   Thumb Code    10  _printf_char_common.o(.text)
    .text                                    0x08000614   Section        0  _sputc.o(.text)
    .text                                    0x0800061e   Section       74  sys_stackheap_outer.o(.text)
    .text                                    0x08000668   Section        0  exit.o(.text)
    .text                                    0x0800067c   Section        8  libspace.o(.text)
    .text                                    0x08000684   Section        0  sys_exit.o(.text)
    .text                                    0x08000690   Section        2  use_no_semi.o(.text)
    .text                                    0x08000692   Section        0  indicate_semi.o(.text)
    i.BusFault_Handler                       0x08000692   Section        0  stm32f4xx_it.o(i.BusFault_Handler)
    i.DWT_Delay                              0x08000694   Section        0  dwt_delay.o(i.DWT_Delay)
    i.DWT_Init                               0x080006bc   Section        0  dwt_delay.o(i.DWT_Init)
    i.DebugMon_Handler                       0x080006e4   Section        0  stm32f4xx_it.o(i.DebugMon_Handler)
    i.EXTI15_10_IRQHandler                   0x080006e6   Section        0  stm32f4xx_it.o(i.EXTI15_10_IRQHandler)
    i.EXTI9_5_IRQHandler                     0x080006fc   Section        0  stm32f4xx_it.o(i.EXTI9_5_IRQHandler)
    i.Error_Handler                          0x0800070e   Section        0  main.o(i.Error_Handler)
    i.HAL_Delay                              0x08000714   Section        0  stm32f4xx_hal.o(i.HAL_Delay)
    i.HAL_GPIO_EXTI_Callback                 0x08000738   Section        0  main.o(i.HAL_GPIO_EXTI_Callback)
    i.HAL_GPIO_EXTI_IRQHandler               0x08000784   Section        0  stm32f4xx_hal_gpio.o(i.HAL_GPIO_EXTI_IRQHandler)
    i.HAL_GPIO_Init                          0x0800079c   Section        0  stm32f4xx_hal_gpio.o(i.HAL_GPIO_Init)
    i.HAL_GPIO_ReadPin                       0x0800098c   Section        0  stm32f4xx_hal_gpio.o(i.HAL_GPIO_ReadPin)
    i.HAL_GPIO_WritePin                      0x08000996   Section        0  stm32f4xx_hal_gpio.o(i.HAL_GPIO_WritePin)
    i.HAL_GetTick                            0x080009a0   Section        0  stm32f4xx_hal.o(i.HAL_GetTick)
    i.HAL_IncTick                            0x080009ac   Section        0  stm32f4xx_hal.o(i.HAL_IncTick)
    i.HAL_Init                               0x080009bc   Section        0  stm32f4xx_hal.o(i.HAL_Init)
    i.HAL_InitTick                           0x080009f0   Section        0  stm32f4xx_hal.o(i.HAL_InitTick)
    i.HAL_MspInit                            0x08000a30   Section        0  stm32f4xx_hal_msp.o(i.HAL_MspInit)
    i.HAL_NVIC_EnableIRQ                     0x08000a60   Section        0  stm32f4xx_hal_cortex.o(i.HAL_NVIC_EnableIRQ)
    i.HAL_NVIC_SetPriority                   0x08000a7c   Section        0  stm32f4xx_hal_cortex.o(i.HAL_NVIC_SetPriority)
    i.HAL_NVIC_SetPriorityGrouping           0x08000abc   Section        0  stm32f4xx_hal_cortex.o(i.HAL_NVIC_SetPriorityGrouping)
    i.HAL_RCCEx_PeriphCLKConfig              0x08000ae0   Section        0  stm32f4xx_hal_rcc_ex.o(i.HAL_RCCEx_PeriphCLKConfig)
    i.HAL_RCC_ClockConfig                    0x08000c1c   Section        0  stm32f4xx_hal_rcc.o(i.HAL_RCC_ClockConfig)
    i.HAL_RCC_GetSysClockFreq                0x08000d50   Section        0  stm32f4xx_hal_rcc.o(i.HAL_RCC_GetSysClockFreq)
    i.HAL_RCC_OscConfig                      0x08000db4   Section        0  stm32f4xx_hal_rcc.o(i.HAL_RCC_OscConfig)
    i.HAL_RTC_GetTime                        0x08001120   Section        0  stm32f4xx_hal_rtc.o(i.HAL_RTC_GetTime)
    i.HAL_RTC_Init                           0x08001178   Section        0  stm32f4xx_hal_rtc.o(i.HAL_RTC_Init)
    i.HAL_RTC_MspInit                        0x08001224   Section        0  stm32f4xx_hal_msp.o(i.HAL_RTC_MspInit)
    i.HAL_RTC_SetDate                        0x0800125c   Section        0  stm32f4xx_hal_rtc.o(i.HAL_RTC_SetDate)
    i.HAL_RTC_SetTime                        0x08001324   Section        0  stm32f4xx_hal_rtc.o(i.HAL_RTC_SetTime)
    i.HAL_RTC_WaitForSynchro                 0x08001410   Section        0  stm32f4xx_hal_rtc.o(i.HAL_RTC_WaitForSynchro)
    i.HAL_SYSTICK_Config                     0x08001446   Section        0  stm32f4xx_hal_cortex.o(i.HAL_SYSTICK_Config)
    i.HardFault_Handler                      0x0800146e   Section        0  stm32f4xx_it.o(i.HardFault_Handler)
    i.MX_GPIO_Init                           0x08001470   Section        0  main.o(i.MX_GPIO_Init)
    MX_GPIO_Init                             0x08001471   Thumb Code   226  main.o(i.MX_GPIO_Init)
    i.MX_RTC_Init                            0x08001564   Section        0  main.o(i.MX_RTC_Init)
    MX_RTC_Init                              0x08001565   Thumb Code   120  main.o(i.MX_RTC_Init)
    i.MemManage_Handler                      0x080015e4   Section        0  stm32f4xx_it.o(i.MemManage_Handler)
    i.NMI_Handler                            0x080015e6   Section        0  stm32f4xx_it.o(i.NMI_Handler)
    i.NOKIA_Chr_for_NOKIA_out                0x080015e8   Section        0  nokia_5110.o(i.NOKIA_Chr_for_NOKIA_out)
    i.NOKIA_Clear                            0x08001650   Section        0  nokia_5110.o(i.NOKIA_Clear)
    i.NOKIA_Goto_xy                          0x0800166e   Section        0  nokia_5110.o(i.NOKIA_Goto_xy)
    i.NOKIA_Init                             0x0800168c   Section        0  nokia_5110.o(i.NOKIA_Init)
    i.NOKIA_Out                              0x08001714   Section        0  nokia_5110.o(i.NOKIA_Out)
    i.NOKIA_Write_Byte                       0x08001750   Section        0  nokia_5110.o(i.NOKIA_Write_Byte)
    i.NOKIA_Write_Command                    0x0800179c   Section        0  nokia_5110.o(i.NOKIA_Write_Command)
    i.NOKIA_Write_Data                       0x080017d0   Section        0  nokia_5110.o(i.NOKIA_Write_Data)
    i.PendSV_Handler                         0x08001804   Section        0  stm32f4xx_it.o(i.PendSV_Handler)
    i.RTC_Bcd2ToByte                         0x08001806   Section        0  stm32f4xx_hal_rtc.o(i.RTC_Bcd2ToByte)
    i.RTC_ByteToBcd2                         0x08001818   Section        0  stm32f4xx_hal_rtc.o(i.RTC_ByteToBcd2)
    i.RTC_EnterInitMode                      0x08001830   Section        0  stm32f4xx_hal_rtc.o(i.RTC_EnterInitMode)
    i.SVC_Handler                            0x0800186a   Section        0  stm32f4xx_it.o(i.SVC_Handler)
    i.SysTick_Handler                        0x0800186c   Section        0  stm32f4xx_it.o(i.SysTick_Handler)
    i.SystemClock_Config                     0x08001870   Section        0  main.o(i.SystemClock_Config)
    i.SystemInit                             0x080018f0   Section        0  system_stm32f4xx.o(i.SystemInit)
    i.UsageFault_Handler                     0x08001900   Section        0  stm32f4xx_it.o(i.UsageFault_Handler)
    i.__NVIC_SetPriority                     0x08001902   Section        0  stm32f4xx_hal_cortex.o(i.__NVIC_SetPriority)
    __NVIC_SetPriority                       0x08001903   Thumb Code    32  stm32f4xx_hal_cortex.o(i.__NVIC_SetPriority)
    i.boundaryCollisionControl               0x08001924   Section        0  main.o(i.boundaryCollisionControl)
    i.generateRandomFruitCoor                0x08001948   Section        0  main.o(i.generateRandomFruitCoor)
    i.generateScreen                         0x08001978   Section        0  main.o(i.generateScreen)
    i.main                                   0x080019dc   Section        0  main.o(i.main)
    i.printRandomFruit                       0x08001e14   Section        0  main.o(i.printRandomFruit)
    i.selfCollisionControl                   0x08001e28   Section        0  main.o(i.selfCollisionControl)
    i.startMenu                              0x08001e6c   Section        0  main.o(i.startMenu)
    x$fpl$fpinit                             0x08001f60   Section       10  fpinit.o(x$fpl$fpinit)
    $v0                                      0x08001f60   Number         0  fpinit.o(x$fpl$fpinit)
    .constdata                               0x08001f6a   Section      481  nokia_5110.o(.constdata)
    .constdata                               0x0800214b   Section       16  system_stm32f4xx.o(.constdata)
    .data                                    0x20000000   Section       29  main.o(.data)
    .data                                    0x20000020   Section       12  stm32f4xx_hal.o(.data)
    .data                                    0x2000002c   Section        4  system_stm32f4xx.o(.data)
    .bss                                     0x20000030   Section      368  main.o(.bss)
    .bss                                     0x200001a0   Section      228  rand.o(.bss)
    .bss                                     0x20000284   Section       96  libspace.o(.bss)
    HEAP                                     0x200002e8   Section      512  startup_stm32f415xx.o(HEAP)
    Heap_Mem                                 0x200002e8   Data         512  startup_stm32f415xx.o(HEAP)
    STACK                                    0x200004e8   Section     1024  startup_stm32f415xx.o(STACK)
    Stack_Mem                                0x200004e8   Data        1024  startup_stm32f415xx.o(STACK)
    __initial_sp                             0x200008e8   Data           0  startup_stm32f415xx.o(STACK)

    Global Symbols

    Symbol Name                              Value     Ov Type        Size  Object(Section)

    BuildAttributes$$THM_ISAv4$E$P$D$K$B$S$7EM$VFPi3$EXTD16$VFPS$VFMA$PE$A:L22UL41UL21$X:L11$S22US41US21$IEEE1$IW$USESV6$~STKCKD$USESV7$~SHL$OSPACE$ROPI$EBA8$UX$STANDARDLIB$REQ8$PRES8$EABIv2 0x00000000   Number         0  anon$$obj.o ABSOLUTE
    __ARM_use_no_argv                        0x00000000   Number         0  main.o ABSOLUTE
    __ARM_exceptions_init                     - Undefined Weak Reference
    __alloca_initialize                       - Undefined Weak Reference
    __arm_fini_                               - Undefined Weak Reference
    __arm_preinit_                            - Undefined Weak Reference
    __cpp_initialize__aeabi_                  - Undefined Weak Reference
    __cxa_finalize                            - Undefined Weak Reference
    __rt_locale                               - Undefined Weak Reference
    __sigvec_lookup                           - Undefined Weak Reference
    _atexit_init                              - Undefined Weak Reference
    _call_atexit_fns                          - Undefined Weak Reference
    _clock_init                               - Undefined Weak Reference
    _fp_trap_init                             - Undefined Weak Reference
    _fp_trap_shutdown                         - Undefined Weak Reference
    _get_lc_collate                           - Undefined Weak Reference
    _get_lc_ctype                             - Undefined Weak Reference
    _get_lc_monetary                          - Undefined Weak Reference
    _get_lc_numeric                           - Undefined Weak Reference
    _get_lc_time                              - Undefined Weak Reference
    _getenv_init                              - Undefined Weak Reference
    _handle_redirection                       - Undefined Weak Reference
    _init_alloc                               - Undefined Weak Reference
    _init_user_alloc                          - Undefined Weak Reference
    _initio                                   - Undefined Weak Reference
    _printf_post_padding                      - Undefined Weak Reference
    _printf_pre_padding                       - Undefined Weak Reference
    _printf_truncate_signed                   - Undefined Weak Reference
    _printf_truncate_unsigned                 - Undefined Weak Reference
    _signal_finish                            - Undefined Weak Reference
    _signal_init                              - Undefined Weak Reference
    _terminate_alloc                          - Undefined Weak Reference
    _terminate_user_alloc                     - Undefined Weak Reference
    _terminateio                              - Undefined Weak Reference
    __Vectors_Size                           0x00000188   Number         0  startup_stm32f415xx.o ABSOLUTE
    __Vectors                                0x08000000   Data           4  startup_stm32f415xx.o(RESET)
    __Vectors_End                            0x08000188   Data           0  startup_stm32f415xx.o(RESET)
    __main                                   0x08000189   Thumb Code     8  __main.o(!!!main)
    __scatterload                            0x08000191   Thumb Code     0  __scatter.o(!!!scatter)
    __scatterload_rt2                        0x08000191   Thumb Code    44  __scatter.o(!!!scatter)
    __scatterload_rt2_thumb_only             0x08000191   Thumb Code     0  __scatter.o(!!!scatter)
    __scatterload_null                       0x0800019f   Thumb Code     0  __scatter.o(!!!scatter)
    __scatterload_copy                       0x080001c5   Thumb Code    26  __scatter_copy.o(!!handler_copy)
    __scatterload_zeroinit                   0x080001e1   Thumb Code    28  __scatter_zi.o(!!handler_zi)
    _printf_d                                0x080001fd   Thumb Code     0  _printf_d.o(.ARM.Collect$$_printf_percent$$00000009)
    _printf_percent                          0x080001fd   Thumb Code     0  _printf_percent.o(.ARM.Collect$$_printf_percent$$00000000)
    _printf_percent_end                      0x08000203   Thumb Code     0  _printf_percent_end.o(.ARM.Collect$$_printf_percent$$00000017)
    __rt_lib_init                            0x08000207   Thumb Code     0  libinit.o(.ARM.Collect$$libinit$$00000000)
    __rt_lib_init_fp_1                       0x08000209   Thumb Code     0  libinit2.o(.ARM.Collect$$libinit$$00000001)
    __rt_lib_init_heap_1                     0x0800020d   Thumb Code     0  libinit2.o(.ARM.Collect$$libinit$$0000000A)
    __rt_lib_init_preinit_1                  0x0800020d   Thumb Code     0  libinit2.o(.ARM.Collect$$libinit$$00000004)
    __rt_lib_init_rand_2                     0x0800020d   Thumb Code     0  libinit2.o(.ARM.Collect$$libinit$$0000000D)
    __rt_lib_init_user_alloc_1               0x0800020d   Thumb Code     0  libinit2.o(.ARM.Collect$$libinit$$0000000C)
    __rt_lib_init_alloca_1                   0x08000211   Thumb Code     0  libinit2.o(.ARM.Collect$$libinit$$0000002E)
    __rt_lib_init_argv_1                     0x08000211   Thumb Code     0  libinit2.o(.ARM.Collect$$libinit$$0000002C)
    __rt_lib_init_atexit_1                   0x08000211   Thumb Code     0  libinit2.o(.ARM.Collect$$libinit$$0000001B)
    __rt_lib_init_clock_1                    0x08000211   Thumb Code     0  libinit2.o(.ARM.Collect$$libinit$$00000021)
    __rt_lib_init_cpp_1                      0x08000211   Thumb Code     0  libinit2.o(.ARM.Collect$$libinit$$00000032)
    __rt_lib_init_exceptions_1               0x08000211   Thumb Code     0  libinit2.o(.ARM.Collect$$libinit$$00000030)
    __rt_lib_init_fp_trap_1                  0x08000211   Thumb Code     0  libinit2.o(.ARM.Collect$$libinit$$0000001F)
    __rt_lib_init_getenv_1                   0x08000211   Thumb Code     0  libinit2.o(.ARM.Collect$$libinit$$00000023)
    __rt_lib_init_lc_collate_1               0x08000211   Thumb Code     0  libinit2.o(.ARM.Collect$$libinit$$00000011)
    __rt_lib_init_lc_ctype_1                 0x08000211   Thumb Code     0  libinit2.o(.ARM.Collect$$libinit$$00000013)
    __rt_lib_init_lc_monetary_1              0x08000211   Thumb Code     0  libinit2.o(.ARM.Collect$$libinit$$00000015)
    __rt_lib_init_lc_numeric_1               0x08000211   Thumb Code     0  libinit2.o(.ARM.Collect$$libinit$$00000017)
    __rt_lib_init_lc_time_1                  0x08000211   Thumb Code     0  libinit2.o(.ARM.Collect$$libinit$$00000019)
    __rt_lib_init_rand_1                     0x08000211   Thumb Code     0  libinit2.o(.ARM.Collect$$libinit$$0000000E)
    __rt_lib_init_return                     0x08000211   Thumb Code     0  libinit2.o(.ARM.Collect$$libinit$$00000033)
    __rt_lib_init_signal_1                   0x08000211   Thumb Code     0  libinit2.o(.ARM.Collect$$libinit$$0000001D)
    __rt_lib_init_stdio_1                    0x08000211   Thumb Code     0  libinit2.o(.ARM.Collect$$libinit$$00000025)
    __rt_lib_shutdown                        0x08000213   Thumb Code     0  libshutdown.o(.ARM.Collect$$libshutdown$$00000000)
    __rt_lib_shutdown_cpp_1                  0x08000215   Thumb Code     0  libshutdown2.o(.ARM.Collect$$libshutdown$$00000004)
    __rt_lib_shutdown_fini_1                 0x08000215   Thumb Code     0  libshutdown2.o(.ARM.Collect$$libshutdown$$00000002)
    __rt_lib_shutdown_fp_trap_1              0x08000215   Thumb Code     0  libshutdown2.o(.ARM.Collect$$libshutdown$$00000009)
    __rt_lib_shutdown_heap_1                 0x08000215   Thumb Code     0  libshutdown2.o(.ARM.Collect$$libshutdown$$00000011)
    __rt_lib_shutdown_return                 0x08000215   Thumb Code     0  libshutdown2.o(.ARM.Collect$$libshutdown$$00000012)
    __rt_lib_shutdown_signal_1               0x08000215   Thumb Code     0  libshutdown2.o(.ARM.Collect$$libshutdown$$0000000C)
    __rt_lib_shutdown_stdio_1                0x08000215   Thumb Code     0  libshutdown2.o(.ARM.Collect$$libshutdown$$00000006)
    __rt_lib_shutdown_user_alloc_1           0x08000215   Thumb Code     0  libshutdown2.o(.ARM.Collect$$libshutdown$$0000000E)
    __rt_entry                               0x08000217   Thumb Code     0  __rtentry.o(.ARM.Collect$$rtentry$$00000000)
    __rt_entry_presh_1                       0x08000217   Thumb Code     0  __rtentry2.o(.ARM.Collect$$rtentry$$00000002)
    __rt_entry_sh                            0x08000217   Thumb Code     0  __rtentry4.o(.ARM.Collect$$rtentry$$00000004)
    __rt_entry_li                            0x0800021d   Thumb Code     0  __rtentry2.o(.ARM.Collect$$rtentry$$0000000A)
    __rt_entry_postsh_1                      0x0800021d   Thumb Code     0  __rtentry2.o(.ARM.Collect$$rtentry$$00000009)
    __rt_entry_main                          0x08000221   Thumb Code     0  __rtentry2.o(.ARM.Collect$$rtentry$$0000000D)
    __rt_entry_postli_1                      0x08000221   Thumb Code     0  __rtentry2.o(.ARM.Collect$$rtentry$$0000000C)
    __rt_exit                                0x08000229   Thumb Code     0  rtexit.o(.ARM.Collect$$rtexit$$00000000)
    __rt_exit_ls                             0x0800022b   Thumb Code     0  rtexit2.o(.ARM.Collect$$rtexit$$00000003)
    __rt_exit_prels_1                        0x0800022b   Thumb Code     0  rtexit2.o(.ARM.Collect$$rtexit$$00000002)
    __rt_exit_exit                           0x0800022f   Thumb Code     0  rtexit2.o(.ARM.Collect$$rtexit$$00000004)
    rand                                     0x08000235   Thumb Code    48  rand.o(.emb_text)
    Reset_Handler                            0x08000269   Thumb Code     8  startup_stm32f415xx.o(.text)
    ADC_IRQHandler                           0x08000283   Thumb Code     0  startup_stm32f415xx.o(.text)
    CAN1_RX0_IRQHandler                      0x08000283   Thumb Code     0  startup_stm32f415xx.o(.text)
    CAN1_RX1_IRQHandler                      0x08000283   Thumb Code     0  startup_stm32f415xx.o(.text)
    CAN1_SCE_IRQHandler                      0x08000283   Thumb Code     0  startup_stm32f415xx.o(.text)
    CAN1_TX_IRQHandler                       0x08000283   Thumb Code     0  startup_stm32f415xx.o(.text)
    CAN2_RX0_IRQHandler                      0x08000283   Thumb Code     0  startup_stm32f415xx.o(.text)
    CAN2_RX1_IRQHandler                      0x08000283   Thumb Code     0  startup_stm32f415xx.o(.text)
    CAN2_SCE_IRQHandler                      0x08000283   Thumb Code     0  startup_stm32f415xx.o(.text)
    CAN2_TX_IRQHandler                       0x08000283   Thumb Code     0  startup_stm32f415xx.o(.text)
    CRYP_IRQHandler                          0x08000283   Thumb Code     0  startup_stm32f415xx.o(.text)
    DMA1_Stream0_IRQHandler                  0x08000283   Thumb Code     0  startup_stm32f415xx.o(.text)
    DMA1_Stream1_IRQHandler                  0x08000283   Thumb Code     0  startup_stm32f415xx.o(.text)
    DMA1_Stream2_IRQHandler                  0x08000283   Thumb Code     0  startup_stm32f415xx.o(.text)
    DMA1_Stream3_IRQHandler                  0x08000283   Thumb Code     0  startup_stm32f415xx.o(.text)
    DMA1_Stream4_IRQHandler                  0x08000283   Thumb Code     0  startup_stm32f415xx.o(.text)
    DMA1_Stream5_IRQHandler                  0x08000283   Thumb Code     0  startup_stm32f415xx.o(.text)
    DMA1_Stream6_IRQHandler                  0x08000283   Thumb Code     0  startup_stm32f415xx.o(.text)
    DMA1_Stream7_IRQHandler                  0x08000283   Thumb Code     0  startup_stm32f415xx.o(.text)
    DMA2_Stream0_IRQHandler                  0x08000283   Thumb Code     0  startup_stm32f415xx.o(.text)
    DMA2_Stream1_IRQHandler                  0x08000283   Thumb Code     0  startup_stm32f415xx.o(.text)
    DMA2_Stream2_IRQHandler                  0x08000283   Thumb Code     0  startup_stm32f415xx.o(.text)
    DMA2_Stream3_IRQHandler                  0x08000283   Thumb Code     0  startup_stm32f415xx.o(.text)
    DMA2_Stream4_IRQHandler                  0x08000283   Thumb Code     0  startup_stm32f415xx.o(.text)
    DMA2_Stream5_IRQHandler                  0x08000283   Thumb Code     0  startup_stm32f415xx.o(.text)
    DMA2_Stream6_IRQHandler                  0x08000283   Thumb Code     0  startup_stm32f415xx.o(.text)
    DMA2_Stream7_IRQHandler                  0x08000283   Thumb Code     0  startup_stm32f415xx.o(.text)
    EXTI0_IRQHandler                         0x08000283   Thumb Code     0  startup_stm32f415xx.o(.text)
    EXTI1_IRQHandler                         0x08000283   Thumb Code     0  startup_stm32f415xx.o(.text)
    EXTI2_IRQHandler                         0x08000283   Thumb Code     0  startup_stm32f415xx.o(.text)
    EXTI3_IRQHandler                         0x08000283   Thumb Code     0  startup_stm32f415xx.o(.text)
    EXTI4_IRQHandler                         0x08000283   Thumb Code     0  startup_stm32f415xx.o(.text)
    FLASH_IRQHandler                         0x08000283   Thumb Code     0  startup_stm32f415xx.o(.text)
    FMC_IRQHandler                           0x08000283   Thumb Code     0  startup_stm32f415xx.o(.text)
    FPU_IRQHandler                           0x08000283   Thumb Code     0  startup_stm32f415xx.o(.text)
    HASH_RNG_IRQHandler                      0x08000283   Thumb Code     0  startup_stm32f415xx.o(.text)
    I2C1_ER_IRQHandler                       0x08000283   Thumb Code     0  startup_stm32f415xx.o(.text)
    I2C1_EV_IRQHandler                       0x08000283   Thumb Code     0  startup_stm32f415xx.o(.text)
    I2C2_ER_IRQHandler                       0x08000283   Thumb Code     0  startup_stm32f415xx.o(.text)
    I2C2_EV_IRQHandler                       0x08000283   Thumb Code     0  startup_stm32f415xx.o(.text)
    I2C3_ER_IRQHandler                       0x08000283   Thumb Code     0  startup_stm32f415xx.o(.text)
    I2C3_EV_IRQHandler                       0x08000283   Thumb Code     0  startup_stm32f415xx.o(.text)
    OTG_FS_IRQHandler                        0x08000283   Thumb Code     0  startup_stm32f415xx.o(.text)
    OTG_FS_WKUP_IRQHandler                   0x08000283   Thumb Code     0  startup_stm32f415xx.o(.text)
    OTG_HS_EP1_IN_IRQHandler                 0x08000283   Thumb Code     0  startup_stm32f415xx.o(.text)
    OTG_HS_EP1_OUT_IRQHandler                0x08000283   Thumb Code     0  startup_stm32f415xx.o(.text)
    OTG_HS_IRQHandler                        0x08000283   Thumb Code     0  startup_stm32f415xx.o(.text)
    OTG_HS_WKUP_IRQHandler                   0x08000283   Thumb Code     0  startup_stm32f415xx.o(.text)
    PVD_IRQHandler                           0x08000283   Thumb Code     0  startup_stm32f415xx.o(.text)
    RCC_IRQHandler                           0x08000283   Thumb Code     0  startup_stm32f415xx.o(.text)
    RTC_Alarm_IRQHandler                     0x08000283   Thumb Code     0  startup_stm32f415xx.o(.text)
    RTC_WKUP_IRQHandler                      0x08000283   Thumb Code     0  startup_stm32f415xx.o(.text)
    SDIO_IRQHandler                          0x08000283   Thumb Code     0  startup_stm32f415xx.o(.text)
    SPI1_IRQHandler                          0x08000283   Thumb Code     0  startup_stm32f415xx.o(.text)
    SPI2_IRQHandler                          0x08000283   Thumb Code     0  startup_stm32f415xx.o(.text)
    SPI3_IRQHandler                          0x08000283   Thumb Code     0  startup_stm32f415xx.o(.text)
    TAMP_STAMP_IRQHandler                    0x08000283   Thumb Code     0  startup_stm32f415xx.o(.text)
    TIM1_BRK_TIM9_IRQHandler                 0x08000283   Thumb Code     0  startup_stm32f415xx.o(.text)
    TIM1_CC_IRQHandler                       0x08000283   Thumb Code     0  startup_stm32f415xx.o(.text)
    TIM1_TRG_COM_TIM11_IRQHandler            0x08000283   Thumb Code     0  startup_stm32f415xx.o(.text)
    TIM1_UP_TIM10_IRQHandler                 0x08000283   Thumb Code     0  startup_stm32f415xx.o(.text)
    TIM2_IRQHandler                          0x08000283   Thumb Code     0  startup_stm32f415xx.o(.text)
    TIM3_IRQHandler                          0x08000283   Thumb Code     0  startup_stm32f415xx.o(.text)
    TIM4_IRQHandler                          0x08000283   Thumb Code     0  startup_stm32f415xx.o(.text)
    TIM5_IRQHandler                          0x08000283   Thumb Code     0  startup_stm32f415xx.o(.text)
    TIM6_DAC_IRQHandler                      0x08000283   Thumb Code     0  startup_stm32f415xx.o(.text)
    TIM7_IRQHandler                          0x08000283   Thumb Code     0  startup_stm32f415xx.o(.text)
    TIM8_BRK_TIM12_IRQHandler                0x08000283   Thumb Code     0  startup_stm32f415xx.o(.text)
    TIM8_CC_IRQHandler                       0x08000283   Thumb Code     0  startup_stm32f415xx.o(.text)
    TIM8_TRG_COM_TIM14_IRQHandler            0x08000283   Thumb Code     0  startup_stm32f415xx.o(.text)
    TIM8_UP_TIM13_IRQHandler                 0x08000283   Thumb Code     0  startup_stm32f415xx.o(.text)
    UART4_IRQHandler                         0x08000283   Thumb Code     0  startup_stm32f415xx.o(.text)
    UART5_IRQHandler                         0x08000283   Thumb Code     0  startup_stm32f415xx.o(.text)
    USART1_IRQHandler                        0x08000283   Thumb Code     0  startup_stm32f415xx.o(.text)
    USART2_IRQHandler                        0x08000283   Thumb Code     0  startup_stm32f415xx.o(.text)
    USART3_IRQHandler                        0x08000283   Thumb Code     0  startup_stm32f415xx.o(.text)
    USART6_IRQHandler                        0x08000283   Thumb Code     0  startup_stm32f415xx.o(.text)
    WWDG_IRQHandler                          0x08000283   Thumb Code     0  startup_stm32f415xx.o(.text)
    __user_initial_stackheap                 0x08000285   Thumb Code     0  startup_stm32f415xx.o(.text)
    __aeabi_uldivmod                         0x080002a9   Thumb Code     0  lludivv7m.o(.text)
    _ll_udiv                                 0x080002a9   Thumb Code   238  lludivv7m.o(.text)
    __2sprintf                               0x08000399   Thumb Code    34  noretval__2sprintf.o(.text)
    __printf                                 0x080003c1   Thumb Code   104  __printf.o(.text)
    _printf_int_dec                          0x08000429   Thumb Code   104  _printf_dec.o(.text)
    srand                                    0x080004a1   Thumb Code    42  rand.o(.text)
    _rand_init                               0x080004cb   Thumb Code     4  rand.o(.text)
    __aeabi_memclr4                          0x080004dd   Thumb Code     0  rt_memclr_w.o(.text)
    __aeabi_memclr8                          0x080004dd   Thumb Code     0  rt_memclr_w.o(.text)
    __rt_memclr_w                            0x080004dd   Thumb Code    78  rt_memclr_w.o(.text)
    _memset_w                                0x080004e1   Thumb Code     0  rt_memclr_w.o(.text)
    __use_two_region_memory                  0x0800052b   Thumb Code     2  heapauxi.o(.text)
    __rt_heap_escrow$2region                 0x0800052d   Thumb Code     2  heapauxi.o(.text)
    __rt_heap_expand$2region                 0x0800052f   Thumb Code     2  heapauxi.o(.text)
    _printf_int_common                       0x08000531   Thumb Code   178  _printf_intcommon.o(.text)
    _printf_char_common                      0x080005ef   Thumb Code    32  _printf_char_common.o(.text)
    _sputc                                   0x08000615   Thumb Code    10  _sputc.o(.text)
    __user_setup_stackheap                   0x0800061f   Thumb Code    74  sys_stackheap_outer.o(.text)
    exit                                     0x08000669   Thumb Code    18  exit.o(.text)
    __user_libspace                          0x0800067d   Thumb Code     8  libspace.o(.text)
    __user_perproc_libspace                  0x0800067d   Thumb Code     0  libspace.o(.text)
    __user_perthread_libspace                0x0800067d   Thumb Code     0  libspace.o(.text)
    _sys_exit                                0x08000685   Thumb Code     8  sys_exit.o(.text)
    __I$use$semihosting                      0x08000691   Thumb Code     0  use_no_semi.o(.text)
    __use_no_semihosting_swi                 0x08000691   Thumb Code     2  use_no_semi.o(.text)
    BusFault_Handler                         0x08000693   Thumb Code     2  stm32f4xx_it.o(i.BusFault_Handler)
    __semihosting_library_function           0x08000693   Thumb Code     0  indicate_semi.o(.text)
    DWT_Delay                                0x08000695   Thumb Code    28  dwt_delay.o(i.DWT_Delay)
    DWT_Init                                 0x080006bd   Thumb Code    32  dwt_delay.o(i.DWT_Init)
    DebugMon_Handler                         0x080006e5   Thumb Code     2  stm32f4xx_it.o(i.DebugMon_Handler)
    EXTI15_10_IRQHandler                     0x080006e7   Thumb Code    22  stm32f4xx_it.o(i.EXTI15_10_IRQHandler)
    EXTI9_5_IRQHandler                       0x080006fd   Thumb Code    18  stm32f4xx_it.o(i.EXTI9_5_IRQHandler)
    Error_Handler                            0x0800070f   Thumb Code     4  main.o(i.Error_Handler)
    HAL_Delay                                0x08000715   Thumb Code    32  stm32f4xx_hal.o(i.HAL_Delay)
    HAL_GPIO_EXTI_Callback                   0x08000739   Thumb Code    72  main.o(i.HAL_GPIO_EXTI_Callback)
    HAL_GPIO_EXTI_IRQHandler                 0x08000785   Thumb Code    18  stm32f4xx_hal_gpio.o(i.HAL_GPIO_EXTI_IRQHandler)
    HAL_GPIO_Init                            0x0800079d   Thumb Code   450  stm32f4xx_hal_gpio.o(i.HAL_GPIO_Init)
    HAL_GPIO_ReadPin                         0x0800098d   Thumb Code    10  stm32f4xx_hal_gpio.o(i.HAL_GPIO_ReadPin)
    HAL_GPIO_WritePin                        0x08000997   Thumb Code    10  stm32f4xx_hal_gpio.o(i.HAL_GPIO_WritePin)
    HAL_GetTick                              0x080009a1   Thumb Code     6  stm32f4xx_hal.o(i.HAL_GetTick)
    HAL_IncTick                              0x080009ad   Thumb Code    12  stm32f4xx_hal.o(i.HAL_IncTick)
    HAL_Init                                 0x080009bd   Thumb Code    48  stm32f4xx_hal.o(i.HAL_Init)
    HAL_InitTick                             0x080009f1   Thumb Code    54  stm32f4xx_hal.o(i.HAL_InitTick)
    HAL_MspInit                              0x08000a31   Thumb Code    42  stm32f4xx_hal_msp.o(i.HAL_MspInit)
    HAL_NVIC_EnableIRQ                       0x08000a61   Thumb Code    26  stm32f4xx_hal_cortex.o(i.HAL_NVIC_EnableIRQ)
    HAL_NVIC_SetPriority                     0x08000a7d   Thumb Code    60  stm32f4xx_hal_cortex.o(i.HAL_NVIC_SetPriority)
    HAL_NVIC_SetPriorityGrouping             0x08000abd   Thumb Code    26  stm32f4xx_hal_cortex.o(i.HAL_NVIC_SetPriorityGrouping)
    HAL_RCCEx_PeriphCLKConfig                0x08000ae1   Thumb Code   296  stm32f4xx_hal_rcc_ex.o(i.HAL_RCCEx_PeriphCLKConfig)
    HAL_RCC_ClockConfig                      0x08000c1d   Thumb Code   288  stm32f4xx_hal_rcc.o(i.HAL_RCC_ClockConfig)
    HAL_RCC_GetSysClockFreq                  0x08000d51   Thumb Code    88  stm32f4xx_hal_rcc.o(i.HAL_RCC_GetSysClockFreq)
    HAL_RCC_OscConfig                        0x08000db5   Thumb Code   856  stm32f4xx_hal_rcc.o(i.HAL_RCC_OscConfig)
    HAL_RTC_GetTime                          0x08001121   Thumb Code    82  stm32f4xx_hal_rtc.o(i.HAL_RTC_GetTime)
    HAL_RTC_Init                             0x08001179   Thumb Code   166  stm32f4xx_hal_rtc.o(i.HAL_RTC_Init)
    HAL_RTC_MspInit                          0x08001225   Thumb Code    48  stm32f4xx_hal_msp.o(i.HAL_RTC_MspInit)
    HAL_RTC_SetDate                          0x0800125d   Thumb Code   194  stm32f4xx_hal_rtc.o(i.HAL_RTC_SetDate)
    HAL_RTC_SetTime                          0x08001325   Thumb Code   230  stm32f4xx_hal_rtc.o(i.HAL_RTC_SetTime)
    HAL_RTC_WaitForSynchro                   0x08001411   Thumb Code    54  stm32f4xx_hal_rtc.o(i.HAL_RTC_WaitForSynchro)
    HAL_SYSTICK_Config                       0x08001447   Thumb Code    40  stm32f4xx_hal_cortex.o(i.HAL_SYSTICK_Config)
    HardFault_Handler                        0x0800146f   Thumb Code     2  stm32f4xx_it.o(i.HardFault_Handler)
    MemManage_Handler                        0x080015e5   Thumb Code     2  stm32f4xx_it.o(i.MemManage_Handler)
    NMI_Handler                              0x080015e7   Thumb Code     2  stm32f4xx_it.o(i.NMI_Handler)
    NOKIA_Chr_for_NOKIA_out                  0x080015e9   Thumb Code    98  nokia_5110.o(i.NOKIA_Chr_for_NOKIA_out)
    NOKIA_Clear                              0x08001651   Thumb Code    30  nokia_5110.o(i.NOKIA_Clear)
    NOKIA_Goto_xy                            0x0800166f   Thumb Code    28  nokia_5110.o(i.NOKIA_Goto_xy)
    NOKIA_Init                               0x0800168d   Thumb Code   132  nokia_5110.o(i.NOKIA_Init)
    NOKIA_Out                                0x08001715   Thumb Code    60  nokia_5110.o(i.NOKIA_Out)
    NOKIA_Write_Byte                         0x08001751   Thumb Code    72  nokia_5110.o(i.NOKIA_Write_Byte)
    NOKIA_Write_Command                      0x0800179d   Thumb Code    48  nokia_5110.o(i.NOKIA_Write_Command)
    NOKIA_Write_Data                         0x080017d1   Thumb Code    46  nokia_5110.o(i.NOKIA_Write_Data)
    PendSV_Handler                           0x08001805   Thumb Code     2  stm32f4xx_it.o(i.PendSV_Handler)
    RTC_Bcd2ToByte                           0x08001807   Thumb Code    18  stm32f4xx_hal_rtc.o(i.RTC_Bcd2ToByte)
    RTC_ByteToBcd2                           0x08001819   Thumb Code    22  stm32f4xx_hal_rtc.o(i.RTC_ByteToBcd2)
    RTC_EnterInitMode                        0x08001831   Thumb Code    58  stm32f4xx_hal_rtc.o(i.RTC_EnterInitMode)
    SVC_Handler                              0x0800186b   Thumb Code     2  stm32f4xx_it.o(i.SVC_Handler)
    SysTick_Handler                          0x0800186d   Thumb Code     4  stm32f4xx_it.o(i.SysTick_Handler)
    SystemClock_Config                       0x08001871   Thumb Code   118  main.o(i.SystemClock_Config)
    SystemInit                               0x080018f1   Thumb Code    12  system_stm32f4xx.o(i.SystemInit)
    UsageFault_Handler                       0x08001901   Thumb Code     2  stm32f4xx_it.o(i.UsageFault_Handler)
    boundaryCollisionControl                 0x08001925   Thumb Code    30  main.o(i.boundaryCollisionControl)
    generateRandomFruitCoor                  0x08001949   Thumb Code    44  main.o(i.generateRandomFruitCoor)
    generateScreen                           0x08001979   Thumb Code    66  main.o(i.generateScreen)
    main                                     0x080019dd   Thumb Code  1014  main.o(i.main)
    printRandomFruit                         0x08001e15   Thumb Code    12  main.o(i.printRandomFruit)
    selfCollisionControl                     0x08001e29   Thumb Code    60  main.o(i.selfCollisionControl)
    startMenu                                0x08001e6d   Thumb Code   158  main.o(i.startMenu)
    _fp_init                                 0x08001f61   Thumb Code    10  fpinit.o(x$fpl$fpinit)
    __fplib_config_fpu_vfp                   0x08001f69   Thumb Code     0  fpinit.o(x$fpl$fpinit)
    __fplib_config_pureend_doubles           0x08001f69   Thumb Code     0  fpinit.o(x$fpl$fpinit)
    tablo1                                   0x08001f6a   Data         240  nokia_5110.o(.constdata)
    tablo2                                   0x0800205a   Data         241  nokia_5110.o(.constdata)
    AHBPrescTable                            0x0800214b   Data          16  system_stm32f4xx.o(.constdata)
    Region$$Table$$Base                      0x0800215c   Number         0  anon$$obj.o(Region$$Table)
    Region$$Table$$Limit                     0x0800217c   Number         0  anon$$obj.o(Region$$Table)
    yon                                      0x20000000   Data           1  main.o(.data)
    fruit_x                                  0x20000001   Data           1  main.o(.data)
    fruit_y                                  0x20000002   Data           1  main.o(.data)
    diffFlag                                 0x20000003   Data           1  main.o(.data)
    yilanin_neresi                           0x20000004   Data           1  main.o(.data)
    i                                        0x20000005   Data           1  main.o(.data)
    RTC_counter                              0x20000006   Data           2  main.o(.data)
    diff                                     0x20000008   Data           4  main.o(.data)
    second                                   0x2000000c   Data           4  main.o(.data)
    minutes                                  0x20000010   Data           4  main.o(.data)
    hours                                    0x20000014   Data           4  main.o(.data)
    buffer_skor                              0x20000018   Data           5  main.o(.data)
    uwTickFreq                               0x20000020   Data           1  stm32f4xx_hal.o(.data)
    uwTickPrio                               0x20000024   Data           4  stm32f4xx_hal.o(.data)
    uwTick                                   0x20000028   Data           4  stm32f4xx_hal.o(.data)
    SystemCoreClock                          0x2000002c   Data           4  system_stm32f4xx.o(.data)
    snake_array                              0x20000030   Data         150  main.o(.bss)
    snake_temp                               0x200000c6   Data         150  main.o(.bss)
    buffer_sure                              0x2000015c   Data          16  main.o(.bss)
    hrtc                                     0x2000016c   Data          32  main.o(.bss)
    sTime                                    0x2000018c   Data          20  main.o(.bss)
    _random_number_data                      0x200001a0   Data         228  rand.o(.bss)
    __libspace_start                         0x20000284   Data          96  libspace.o(.bss)
    __temporary_stack_top$libspace           0x200002e4   Data           0  libspace.o(.bss)



==============================================================================

Memory Map of the image

  Image Entry point : 0x08000189

  Load Region LR_IROM1 (Base: 0x08000000, Size: 0x000021ac, Max: 0x00100000, ABSOLUTE)

    Execution Region ER_IROM1 (Exec base: 0x08000000, Load base: 0x08000000, Size: 0x0000217c, Max: 0x00100000, ABSOLUTE)

    Exec Addr    Load Addr    Size         Type   Attr      Idx    E Section Name        Object

    0x08000000   0x08000000   0x00000188   Data   RO            3    RESET               startup_stm32f415xx.o
    0x08000188   0x08000188   0x00000008   Code   RO         2109  * !!!main             c_w.l(__main.o)
    0x08000190   0x08000190   0x00000034   Code   RO         2287    !!!scatter          c_w.l(__scatter.o)
    0x080001c4   0x080001c4   0x0000001a   Code   RO         2289    !!handler_copy      c_w.l(__scatter_copy.o)
    0x080001de   0x080001de   0x00000002   PAD
    0x080001e0   0x080001e0   0x0000001c   Code   RO         2291    !!handler_zi        c_w.l(__scatter_zi.o)
    0x080001fc   0x080001fc   0x00000000   Code   RO         2099    .ARM.Collect$$_printf_percent$$00000000  c_w.l(_printf_percent.o)
    0x080001fc   0x080001fc   0x00000006   Code   RO         2098    .ARM.Collect$$_printf_percent$$00000009  c_w.l(_printf_d.o)
    0x08000202   0x08000202   0x00000004   Code   RO         2122    .ARM.Collect$$_printf_percent$$00000017  c_w.l(_printf_percent_end.o)
    0x08000206   0x08000206   0x00000002   Code   RO         2208    .ARM.Collect$$libinit$$00000000  c_w.l(libinit.o)
    0x08000208   0x08000208   0x00000004   Code   RO         2123    .ARM.Collect$$libinit$$00000001  c_w.l(libinit2.o)
    0x0800020c   0x0800020c   0x00000000   Code   RO         2126    .ARM.Collect$$libinit$$00000004  c_w.l(libinit2.o)
    0x0800020c   0x0800020c   0x00000000   Code   RO         2129    .ARM.Collect$$libinit$$0000000A  c_w.l(libinit2.o)
    0x0800020c   0x0800020c   0x00000000   Code   RO         2131    .ARM.Collect$$libinit$$0000000C  c_w.l(libinit2.o)
    0x0800020c   0x0800020c   0x00000004   Code   RO         2132    .ARM.Collect$$libinit$$0000000D  c_w.l(libinit2.o)
    0x08000210   0x08000210   0x00000000   Code   RO         2133    .ARM.Collect$$libinit$$0000000E  c_w.l(libinit2.o)
    0x08000210   0x08000210   0x00000000   Code   RO         2136    .ARM.Collect$$libinit$$00000011  c_w.l(libinit2.o)
    0x08000210   0x08000210   0x00000000   Code   RO         2138    .ARM.Collect$$libinit$$00000013  c_w.l(libinit2.o)
    0x08000210   0x08000210   0x00000000   Code   RO         2140    .ARM.Collect$$libinit$$00000015  c_w.l(libinit2.o)
    0x08000210   0x08000210   0x00000000   Code   RO         2142    .ARM.Collect$$libinit$$00000017  c_w.l(libinit2.o)
    0x08000210   0x08000210   0x00000000   Code   RO         2144    .ARM.Collect$$libinit$$00000019  c_w.l(libinit2.o)
    0x08000210   0x08000210   0x00000000   Code   RO         2146    .ARM.Collect$$libinit$$0000001B  c_w.l(libinit2.o)
    0x08000210   0x08000210   0x00000000   Code   RO         2148    .ARM.Collect$$libinit$$0000001D  c_w.l(libinit2.o)
    0x08000210   0x08000210   0x00000000   Code   RO         2150    .ARM.Collect$$libinit$$0000001F  c_w.l(libinit2.o)
    0x08000210   0x08000210   0x00000000   Code   RO         2152    .ARM.Collect$$libinit$$00000021  c_w.l(libinit2.o)
    0x08000210   0x08000210   0x00000000   Code   RO         2154    .ARM.Collect$$libinit$$00000023  c_w.l(libinit2.o)
    0x08000210   0x08000210   0x00000000   Code   RO         2156    .ARM.Collect$$libinit$$00000025  c_w.l(libinit2.o)
    0x08000210   0x08000210   0x00000000   Code   RO         2160    .ARM.Collect$$libinit$$0000002C  c_w.l(libinit2.o)
    0x08000210   0x08000210   0x00000000   Code   RO         2162    .ARM.Collect$$libinit$$0000002E  c_w.l(libinit2.o)
    0x08000210   0x08000210   0x00000000   Code   RO         2164    .ARM.Collect$$libinit$$00000030  c_w.l(libinit2.o)
    0x08000210   0x08000210   0x00000000   Code   RO         2166    .ARM.Collect$$libinit$$00000032  c_w.l(libinit2.o)
    0x08000210   0x08000210   0x00000002   Code   RO         2167    .ARM.Collect$$libinit$$00000033  c_w.l(libinit2.o)
    0x08000212   0x08000212   0x00000002   Code   RO         2252    .ARM.Collect$$libshutdown$$00000000  c_w.l(libshutdown.o)
    0x08000214   0x08000214   0x00000000   Code   RO         2268    .ARM.Collect$$libshutdown$$00000002  c_w.l(libshutdown2.o)
    0x08000214   0x08000214   0x00000000   Code   RO         2270    .ARM.Collect$$libshutdown$$00000004  c_w.l(libshutdown2.o)
    0x08000214   0x08000214   0x00000000   Code   RO         2272    .ARM.Collect$$libshutdown$$00000006  c_w.l(libshutdown2.o)
    0x08000214   0x08000214   0x00000000   Code   RO         2275    .ARM.Collect$$libshutdown$$00000009  c_w.l(libshutdown2.o)
    0x08000214   0x08000214   0x00000000   Code   RO         2278    .ARM.Collect$$libshutdown$$0000000C  c_w.l(libshutdown2.o)
    0x08000214   0x08000214   0x00000000   Code   RO         2280    .ARM.Collect$$libshutdown$$0000000E  c_w.l(libshutdown2.o)
    0x08000214   0x08000214   0x00000000   Code   RO         2283    .ARM.Collect$$libshutdown$$00000011  c_w.l(libshutdown2.o)
    0x08000214   0x08000214   0x00000002   Code   RO         2284    .ARM.Collect$$libshutdown$$00000012  c_w.l(libshutdown2.o)
    0x08000216   0x08000216   0x00000000   Code   RO         2111    .ARM.Collect$$rtentry$$00000000  c_w.l(__rtentry.o)
    0x08000216   0x08000216   0x00000000   Code   RO         2169    .ARM.Collect$$rtentry$$00000002  c_w.l(__rtentry2.o)
    0x08000216   0x08000216   0x00000006   Code   RO         2181    .ARM.Collect$$rtentry$$00000004  c_w.l(__rtentry4.o)
    0x0800021c   0x0800021c   0x00000000   Code   RO         2171    .ARM.Collect$$rtentry$$00000009  c_w.l(__rtentry2.o)
    0x0800021c   0x0800021c   0x00000004   Code   RO         2172    .ARM.Collect$$rtentry$$0000000A  c_w.l(__rtentry2.o)
    0x08000220   0x08000220   0x00000000   Code   RO         2174    .ARM.Collect$$rtentry$$0000000C  c_w.l(__rtentry2.o)
    0x08000220   0x08000220   0x00000008   Code   RO         2175    .ARM.Collect$$rtentry$$0000000D  c_w.l(__rtentry2.o)
    0x08000228   0x08000228   0x00000002   Code   RO         2214    .ARM.Collect$$rtexit$$00000000  c_w.l(rtexit.o)
    0x0800022a   0x0800022a   0x00000000   Code   RO         2234    .ARM.Collect$$rtexit$$00000002  c_w.l(rtexit2.o)
    0x0800022a   0x0800022a   0x00000004   Code   RO         2235    .ARM.Collect$$rtexit$$00000003  c_w.l(rtexit2.o)
    0x0800022e   0x0800022e   0x00000006   Code   RO         2236    .ARM.Collect$$rtexit$$00000004  c_w.l(rtexit2.o)
    0x08000234   0x08000234   0x00000034   Code   RO         2100    .emb_text           c_w.l(rand.o)
    0x08000268   0x08000268   0x00000040   Code   RO            4    .text               startup_stm32f415xx.o
    0x080002a8   0x080002a8   0x000000ee   Code   RO         2068    .text               c_w.l(lludivv7m.o)
    0x08000396   0x08000396   0x00000002   PAD
    0x08000398   0x08000398   0x00000028   Code   RO         2072    .text               c_w.l(noretval__2sprintf.o)
    0x080003c0   0x080003c0   0x00000068   Code   RO         2074    .text               c_w.l(__printf.o)
    0x08000428   0x08000428   0x00000078   Code   RO         2076    .text               c_w.l(_printf_dec.o)
    0x080004a0   0x080004a0   0x0000003c   Code   RO         2101    .text               c_w.l(rand.o)
    0x080004dc   0x080004dc   0x0000004e   Code   RO         2105    .text               c_w.l(rt_memclr_w.o)
    0x0800052a   0x0800052a   0x00000006   Code   RO         2107    .text               c_w.l(heapauxi.o)
    0x08000530   0x08000530   0x000000b2   Code   RO         2116    .text               c_w.l(_printf_intcommon.o)
    0x080005e2   0x080005e2   0x00000002   PAD
    0x080005e4   0x080005e4   0x00000030   Code   RO         2118    .text               c_w.l(_printf_char_common.o)
    0x08000614   0x08000614   0x0000000a   Code   RO         2120    .text               c_w.l(_sputc.o)
    0x0800061e   0x0800061e   0x0000004a   Code   RO         2191    .text               c_w.l(sys_stackheap_outer.o)
    0x08000668   0x08000668   0x00000012   Code   RO         2193    .text               c_w.l(exit.o)
    0x0800067a   0x0800067a   0x00000002   PAD
    0x0800067c   0x0800067c   0x00000008   Code   RO         2211    .text               c_w.l(libspace.o)
    0x08000684   0x08000684   0x0000000c   Code   RO         2228    .text               c_w.l(sys_exit.o)
    0x08000690   0x08000690   0x00000002   Code   RO         2230    .text               c_w.l(use_no_semi.o)
    0x08000692   0x08000692   0x00000000   Code   RO         2232    .text               c_w.l(indicate_semi.o)
    0x08000692   0x08000692   0x00000002   Code   RO          211    i.BusFault_Handler  stm32f4xx_it.o
    0x08000694   0x08000694   0x00000028   Code   RO          334    i.DWT_Delay         dwt_delay.o
    0x080006bc   0x080006bc   0x00000028   Code   RO          335    i.DWT_Init          dwt_delay.o
    0x080006e4   0x080006e4   0x00000002   Code   RO          212    i.DebugMon_Handler  stm32f4xx_it.o
    0x080006e6   0x080006e6   0x00000016   Code   RO          213    i.EXTI15_10_IRQHandler  stm32f4xx_it.o
    0x080006fc   0x080006fc   0x00000012   Code   RO          214    i.EXTI9_5_IRQHandler  stm32f4xx_it.o
    0x0800070e   0x0800070e   0x00000004   Code   RO           13    i.Error_Handler     main.o
    0x08000712   0x08000712   0x00000002   PAD
    0x08000714   0x08000714   0x00000024   Code   RO         1744    i.HAL_Delay         stm32f4xx_hal.o
    0x08000738   0x08000738   0x0000004c   Code   RO           14    i.HAL_GPIO_EXTI_Callback  main.o
    0x08000784   0x08000784   0x00000018   Code   RO         1217    i.HAL_GPIO_EXTI_IRQHandler  stm32f4xx_hal_gpio.o
    0x0800079c   0x0800079c   0x000001f0   Code   RO         1218    i.HAL_GPIO_Init     stm32f4xx_hal_gpio.o
    0x0800098c   0x0800098c   0x0000000a   Code   RO         1220    i.HAL_GPIO_ReadPin  stm32f4xx_hal_gpio.o
    0x08000996   0x08000996   0x0000000a   Code   RO         1222    i.HAL_GPIO_WritePin  stm32f4xx_hal_gpio.o
    0x080009a0   0x080009a0   0x0000000c   Code   RO         1750    i.HAL_GetTick       stm32f4xx_hal.o
    0x080009ac   0x080009ac   0x00000010   Code   RO         1756    i.HAL_IncTick       stm32f4xx_hal.o
    0x080009bc   0x080009bc   0x00000034   Code   RO         1757    i.HAL_Init          stm32f4xx_hal.o
    0x080009f0   0x080009f0   0x00000040   Code   RO         1758    i.HAL_InitTick      stm32f4xx_hal.o
    0x08000a30   0x08000a30   0x00000030   Code   RO          298    i.HAL_MspInit       stm32f4xx_hal_msp.o
    0x08000a60   0x08000a60   0x0000001a   Code   RO         1607    i.HAL_NVIC_EnableIRQ  stm32f4xx_hal_cortex.o
    0x08000a7a   0x08000a7a   0x00000002   PAD
    0x08000a7c   0x08000a7c   0x00000040   Code   RO         1613    i.HAL_NVIC_SetPriority  stm32f4xx_hal_cortex.o
    0x08000abc   0x08000abc   0x00000024   Code   RO         1614    i.HAL_NVIC_SetPriorityGrouping  stm32f4xx_hal_cortex.o
    0x08000ae0   0x08000ae0   0x0000013c   Code   RO          969    i.HAL_RCCEx_PeriphCLKConfig  stm32f4xx_hal_rcc_ex.o
    0x08000c1c   0x08000c1c   0x00000134   Code   RO          864    i.HAL_RCC_ClockConfig  stm32f4xx_hal_rcc.o
    0x08000d50   0x08000d50   0x00000064   Code   RO          873    i.HAL_RCC_GetSysClockFreq  stm32f4xx_hal_rcc.o
    0x08000db4   0x08000db4   0x0000036c   Code   RO          876    i.HAL_RCC_OscConfig  stm32f4xx_hal_rcc.o
    0x08001120   0x08001120   0x00000058   Code   RO          480    i.HAL_RTC_GetTime   stm32f4xx_hal_rtc.o
    0x08001178   0x08001178   0x000000ac   Code   RO          481    i.HAL_RTC_Init      stm32f4xx_hal_rtc.o
    0x08001224   0x08001224   0x00000038   Code   RO          300    i.HAL_RTC_MspInit   stm32f4xx_hal_msp.o
    0x0800125c   0x0800125c   0x000000c8   Code   RO          487    i.HAL_RTC_SetDate   stm32f4xx_hal_rtc.o
    0x08001324   0x08001324   0x000000ec   Code   RO          488    i.HAL_RTC_SetTime   stm32f4xx_hal_rtc.o
    0x08001410   0x08001410   0x00000036   Code   RO          489    i.HAL_RTC_WaitForSynchro  stm32f4xx_hal_rtc.o
    0x08001446   0x08001446   0x00000028   Code   RO         1618    i.HAL_SYSTICK_Config  stm32f4xx_hal_cortex.o
    0x0800146e   0x0800146e   0x00000002   Code   RO          215    i.HardFault_Handler  stm32f4xx_it.o
    0x08001470   0x08001470   0x000000f4   Code   RO           15    i.MX_GPIO_Init      main.o
    0x08001564   0x08001564   0x00000080   Code   RO           16    i.MX_RTC_Init       main.o
    0x080015e4   0x080015e4   0x00000002   Code   RO          216    i.MemManage_Handler  stm32f4xx_it.o
    0x080015e6   0x080015e6   0x00000002   Code   RO          217    i.NMI_Handler       stm32f4xx_it.o
    0x080015e8   0x080015e8   0x00000068   Code   RO          368    i.NOKIA_Chr_for_NOKIA_out  nokia_5110.o
    0x08001650   0x08001650   0x0000001e   Code   RO          369    i.NOKIA_Clear       nokia_5110.o
    0x0800166e   0x0800166e   0x0000001c   Code   RO          373    i.NOKIA_Goto_xy     nokia_5110.o
    0x0800168a   0x0800168a   0x00000002   PAD
    0x0800168c   0x0800168c   0x00000088   Code   RO          375    i.NOKIA_Init        nokia_5110.o
    0x08001714   0x08001714   0x0000003c   Code   RO          376    i.NOKIA_Out         nokia_5110.o
    0x08001750   0x08001750   0x0000004c   Code   RO          378    i.NOKIA_Write_Byte  nokia_5110.o
    0x0800179c   0x0800179c   0x00000034   Code   RO          379    i.NOKIA_Write_Command  nokia_5110.o
    0x080017d0   0x080017d0   0x00000034   Code   RO          380    i.NOKIA_Write_Data  nokia_5110.o
    0x08001804   0x08001804   0x00000002   Code   RO          218    i.PendSV_Handler    stm32f4xx_it.o
    0x08001806   0x08001806   0x00000012   Code   RO          490    i.RTC_Bcd2ToByte    stm32f4xx_hal_rtc.o
    0x08001818   0x08001818   0x00000016   Code   RO          491    i.RTC_ByteToBcd2    stm32f4xx_hal_rtc.o
    0x0800182e   0x0800182e   0x00000002   PAD
    0x08001830   0x08001830   0x0000003a   Code   RO          492    i.RTC_EnterInitMode  stm32f4xx_hal_rtc.o
    0x0800186a   0x0800186a   0x00000002   Code   RO          219    i.SVC_Handler       stm32f4xx_it.o
    0x0800186c   0x0800186c   0x00000004   Code   RO          220    i.SysTick_Handler   stm32f4xx_it.o
    0x08001870   0x08001870   0x00000080   Code   RO           17    i.SystemClock_Config  main.o
    0x080018f0   0x080018f0   0x00000010   Code   RO         2032    i.SystemInit        system_stm32f4xx.o
    0x08001900   0x08001900   0x00000002   Code   RO          221    i.UsageFault_Handler  stm32f4xx_it.o
    0x08001902   0x08001902   0x00000020   Code   RO         1620    i.__NVIC_SetPriority  stm32f4xx_hal_cortex.o
    0x08001922   0x08001922   0x00000002   PAD
    0x08001924   0x08001924   0x00000024   Code   RO           18    i.boundaryCollisionControl  main.o
    0x08001948   0x08001948   0x00000030   Code   RO           19    i.generateRandomFruitCoor  main.o
    0x08001978   0x08001978   0x00000064   Code   RO           20    i.generateScreen    main.o
    0x080019dc   0x080019dc   0x00000438   Code   RO           21    i.main              main.o
    0x08001e14   0x08001e14   0x00000014   Code   RO           22    i.printRandomFruit  main.o
    0x08001e28   0x08001e28   0x00000044   Code   RO           23    i.selfCollisionControl  main.o
    0x08001e6c   0x08001e6c   0x000000f4   Code   RO           24    i.startMenu         main.o
    0x08001f60   0x08001f60   0x0000000a   Code   RO         2189    x$fpl$fpinit        fz_wm.l(fpinit.o)
    0x08001f6a   0x08001f6a   0x000001e1   Data   RO          381    .constdata          nokia_5110.o
    0x0800214b   0x0800214b   0x00000010   Data   RO         2033    .constdata          system_stm32f4xx.o
    0x0800215b   0x0800215b   0x00000001   PAD
    0x0800215c   0x0800215c   0x00000020   Data   RO         2285    Region$$Table       anon$$obj.o


    Execution Region RW_IRAM2 (Exec base: 0x10000000, Load base: 0x080021ac, Size: 0x00000000, Max: 0x00010000, ABSOLUTE)

    **** No section assigned to this execution region ****


    Execution Region RW_IRAM1 (Exec base: 0x20000000, Load base: 0x0800217c, Size: 0x000008e8, Max: 0x00020000, ABSOLUTE)

    Exec Addr    Load Addr    Size         Type   Attr      Idx    E Section Name        Object

    0x20000000   0x0800217c   0x0000001d   Data   RW           26    .data               main.o
    0x2000001d   0x08002199   0x00000003   PAD
    0x20000020   0x0800219c   0x0000000c   Data   RW         1764    .data               stm32f4xx_hal.o
    0x2000002c   0x080021a8   0x00000004   Data   RW         2035    .data               system_stm32f4xx.o
    0x20000030        -       0x00000170   Zero   RW           25    .bss                main.o
    0x200001a0        -       0x000000e4   Zero   RW         2102    .bss                c_w.l(rand.o)
    0x20000284        -       0x00000060   Zero   RW         2212    .bss                c_w.l(libspace.o)
    0x200002e4   0x080021ac   0x00000004   PAD
    0x200002e8        -       0x00000200   Zero   RW            2    HEAP                startup_stm32f415xx.o
    0x200004e8        -       0x00000400   Zero   RW            1    STACK               startup_stm32f415xx.o


==============================================================================

Image component sizes


      Code (inc. data)   RO Data    RW Data    ZI Data      Debug   Object Name

        80         20          0          0          0       1087   dwt_delay.o
      2176        252          0         29        368     616411   main.o
       538         24        481          0          0       5988   nokia_5110.o
        64         26        392          0       1536        884   startup_stm32f415xx.o
       180         28          0         12          0       9721   stm32f4xx_hal.o
       198         14          0          0          0      34187   stm32f4xx_hal_cortex.o
       540         52          0          0          0       3678   stm32f4xx_hal_gpio.o
       104         14          0          0          0       1548   stm32f4xx_hal_msp.o
      1284         52          0          0          0       4210   stm32f4xx_hal_rcc.o
       316         20          0          0          0       1472   stm32f4xx_hal_rcc_ex.o
       848         24          0          0          0       7082   stm32f4xx_hal_rtc.o
        60          0          0          0          0       5534   stm32f4xx_it.o
        16          4         16          4          0       1227   system_stm32f4xx.o

    ----------------------------------------------------------------------
      6414        530        922         48       1904     693029   Object Totals
         0          0         32          0          0          0   (incl. Generated)
        10          0          1          3          0          0   (incl. Padding)

    ----------------------------------------------------------------------

      Code (inc. data)   RO Data    RW Data    ZI Data      Debug   Library Member Name

         8          0          0          0          0         68   __main.o
       104          0          0          0          0         84   __printf.o
         0          0          0          0          0          0   __rtentry.o
        12          0          0          0          0          0   __rtentry2.o
         6          0          0          0          0          0   __rtentry4.o
        52          8          0          0          0          0   __scatter.o
        26          0          0          0          0          0   __scatter_copy.o
        28          0          0          0          0          0   __scatter_zi.o
        48          6          0          0          0         96   _printf_char_common.o
         6          0          0          0          0          0   _printf_d.o
       120         16          0          0          0         92   _printf_dec.o
       178          0          0          0          0         88   _printf_intcommon.o
         0          0          0          0          0          0   _printf_percent.o
         4          0          0          0          0          0   _printf_percent_end.o
        10          0          0          0          0         68   _sputc.o
        18          0          0          0          0         80   exit.o
         6          0          0          0          0        152   heapauxi.o
         0          0          0          0          0          0   indicate_semi.o
         2          0          0          0          0          0   libinit.o
        10          0          0          0          0          0   libinit2.o
         2          0          0          0          0          0   libshutdown.o
         2          0          0          0          0          0   libshutdown2.o
         8          4          0          0         96         68   libspace.o
       238          0          0          0          0        100   lludivv7m.o
        40          6          0          0          0         84   noretval__2sprintf.o
       112         18          0          0        228        160   rand.o
        78          0          0          0          0         80   rt_memclr_w.o
         2          0          0          0          0          0   rtexit.o
        10          0          0          0          0          0   rtexit2.o
        12          4          0          0          0         68   sys_exit.o
        74          0          0          0          0         80   sys_stackheap_outer.o
         2          0          0          0          0         68   use_no_semi.o
        10          0          0          0          0        116   fpinit.o

    ----------------------------------------------------------------------
      1236         62          0          0        328       1552   Library Totals
         8          0          0          0          4          0   (incl. Padding)

    ----------------------------------------------------------------------

      Code (inc. data)   RO Data    RW Data    ZI Data      Debug   Library Name

      1218         62          0          0        324       1436   c_w.l
        10          0          0          0          0        116   fz_wm.l

    ----------------------------------------------------------------------
      1236         62          0          0        328       1552   Library Totals

    ----------------------------------------------------------------------

==============================================================================


      Code (inc. data)   RO Data    RW Data    ZI Data      Debug   

      7650        592        922         48       2232     688405   Grand Totals
      7650        592        922         48       2232     688405   ELF Image Totals
      7650        592        922         48          0          0   ROM Totals

==============================================================================

    Total RO  Size (Code + RO Data)                 8572 (   8.37kB)
    Total RW  Size (RW Data + ZI Data)              2280 (   2.23kB)
    Total ROM Size (Code + RO Data + RW Data)       8620 (   8.42kB)

==============================================================================

